Component: ARM Compiler 5.06 update 7 (build 960) Tool: armlink [4d3601]

==============================================================================

Section Cross References

    main.o(.text) refers to drv_bsp.o(.text) for All_Init
    main.o(.text) refers to ano_scheduler.o(.text) for Scheduler_Setup
    ano_scheduler.o(.text) refers to user_task.o(.text) for UserTask_OneKeyCmd
    ano_scheduler.o(.text) refers to drv_sys.o(.text) for GetSysRunTimeMs
    ano_scheduler.o(.text) refers to ano_scheduler.o(.data) for sched_tasks
    ano_scheduler.o(.data) refers to ano_scheduler.o(.text) for Loop_1000Hz
    user_task.o(.text) refers to lx_fc_fun.o(.text) for hover
    user_task.o(.text) refers to user_task.o(.data) for g_angle_pid
    user_task.o(.text) refers to drv_uart.o(.data) for g_openmv_line_state
    user_task.o(.text) refers to drv_bsp.o(.bss) for rc_in
    user_task.o(.text) refers to ano_dt_lx.o(.data) for turn_count
    ano_dt_lx.o(.text) refers to drv_uart.o(.text) for DrvUart5SendBuf
    ano_dt_lx.o(.text) refers to ano_dt_lx.o(.bss) for dt
    ano_dt_lx.o(.text) refers to ano_lx.o(.bss) for pwm_to_esc
    ano_dt_lx.o(.text) refers to drv_led.o(.data) for led
    ano_dt_lx.o(.text) refers to lx_fc_state.o(.bss) for fc_sta
    ano_dt_lx.o(.text) refers to ano_lx.o(.data) for fc_vel
    ano_dt_lx.o(.text) refers to ano_dt_lx.o(.data) for rxstate
    ano_dt_lx.o(.text) refers to drv_uart.o(.bss) for _OpenMV_datatemp
    ano_dt_lx.o(.text) refers to lx_fc_ext_sensor.o(.bss) for ext_sens
    ano_dt_lx.o(.text) refers to drv_bsp.o(.bss) for rc_in
    ano_dt_lx.o(.text) refers to drv_uart.o(.data) for _WeHaveGotOpenMvOneFrame
    ano_lx.o(.text) refers to lx_fc_fun.o(.text) for LX_Change_Mode
    ano_lx.o(.text) refers to ano_math.o(.text) for my_deadzone
    ano_lx.o(.text) refers to drv_pwmout.o(.text) for DrvMotorPWMSet
    ano_lx.o(.text) refers to drv_bsp.o(.bss) for rc_in
    ano_lx.o(.text) refers to ano_lx.o(.data) for mod_f
    ano_lx.o(.text) refers to lx_fc_state.o(.data) for sti_fun
    ano_lx.o(.text) refers to ano_lx.o(.bss) for rt_tar
    ano_lx.o(.text) refers to ano_dt_lx.o(.bss) for dt
    ano_lx.o(.text) refers to lx_fc_state.o(.bss) for fc_sta
    ano_lx.o(.text) refers to drv_adc.o(.text) for Drv_AdcGetBatVot
    ano_lx.o(.text) refers to drv_bsp.o(.text) for DrvRcInputTask
    ano_lx.o(.text) refers to lx_fc_state.o(.text) for LX_FC_State_Task
    ano_lx.o(.text) refers to drv_anoof.o(.text) for AnoOF_Check_State
    ano_lx.o(.text) refers to drv_uart.o(.text) for DrvUartDataCheck
    ano_lx.o(.text) refers to drv_ubloxgps.o(.text) for GPS_Data_Prepare_Task
    ano_lx.o(.text) refers to lx_fc_ext_sensor.o(.text) for LX_FC_EXT_Sensor_Task
    ano_lx.o(.text) refers to ano_dt_lx.o(.text) for ANO_LX_Data_Exchange_Task
    ano_lx.o(.text) refers to drv_led.o(.text) for LED_1ms_DRV
    lx_fc_ext_sensor.o(.text) refers to drv_anoof.o(.bss) for ano_of
    lx_fc_ext_sensor.o(.text) refers to lx_fc_ext_sensor.o(.data) for of_alt_update_cnt
    lx_fc_ext_sensor.o(.text) refers to lx_fc_ext_sensor.o(.bss) for ext_sens
    lx_fc_ext_sensor.o(.text) refers to ano_dt_lx.o(.bss) for dt
    lx_fc_fun.o(.text) refers to ano_dt_lx.o(.text) for CMD_Send
    lx_fc_fun.o(.text) refers to lx_fc_state.o(.bss) for fc_sta
    lx_fc_fun.o(.text) refers to ano_dt_lx.o(.bss) for dt
    lx_fc_fun.o(.text) refers to lx_fc_fun.o(.data) for old_mode
    lx_fc_state.o(.text) refers to lx_fc_fun.o(.text) for FC_Unlock
    lx_fc_state.o(.text) refers to drv_bsp.o(.bss) for rc_in
    lx_fc_state.o(.text) refers to lx_fc_state.o(.data) for sti_fun
    lx_fc_state.o(.text) refers to lx_fc_state.o(.bss) for fc_sta
    drv_bsp.o(.text) refers to drv_rcin.o(.text) for DrvRcPpmInit
    drv_bsp.o(.text) refers to drv_sys.o(.text) for DrvSysInit
    drv_bsp.o(.text) refers to drv_led.o(.text) for DvrLedInit
    drv_bsp.o(.text) refers to drv_pwmout.o(.text) for DrvPwmOutInit
    drv_bsp.o(.text) refers to drv_uart.o(.text) for DrvUart2Init
    drv_bsp.o(.text) refers to drv_adc.o(.text) for DrvAdcInit
    drv_bsp.o(.text) refers to ano_dt_lx.o(.text) for ANO_DT_Init
    drv_bsp.o(.text) refers to drv_ubloxgps.o(.text) for Init_GPS
    drv_bsp.o(.text) refers to drv_timer.o(.text) for DrvTimerFcInit
    drv_bsp.o(.text) refers to drv_bsp.o(.bss) for rc_in
    drv_bsp.o(.text) refers to drv_bsp.o(.data) for ch_sta
    ano_math.o(.text) refers to cdcmple.o(.text) for __aeabi_cdcmple
    ano_math.o(.text) refers to dmul.o(.text) for __aeabi_dmul
    ano_math.o(.text) refers to dadd.o(.text) for __aeabi_dadd
    ano_math.o(.text) refers to cdrcmple.o(.text) for __aeabi_cdrcmple
    ano_math.o(.text) refers to dflti.o(.text) for __aeabi_i2d
    ano_math.o(.text) refers to d2f.o(.text) for __aeabi_d2f
    ano_math.o(.text) refers to ano_math.o(.constdata) for fast_atan_table
    drv_anoof.o(.text) refers to drv_anoof.o(.bss) for check_time_ms
    drv_anoof.o(.text) refers to drv_anoof.o(.data) for rxstate
[...]
    ..\\DriversMcu\\STM32F407\\Libraries\\CMSIS\\ST\\STM32F4xx\\Source\\Templates\\system_stm32f4xx.c 0x00000000   Number         0  system_stm32f4xx.o ABSOLUTE
    ..\\DriversMcu\\STM32F407\\Libraries\\STM32F4xx_StdPeriph_Driver\\src\\misc.c 0x00000000   Number         0  misc.o ABSOLUTE
    ..\\DriversMcu\\STM32F407\\Libraries\\STM32F4xx_StdPeriph_Driver\\src\\stm32f4xx_adc.c 0x00000000   Number         0  stm32f4xx_adc.o ABSOLUTE
    ..\\DriversMcu\\STM32F407\\Libraries\\STM32F4xx_StdPeriph_Driver\\src\\stm32f4xx_dma.c 0x00000000   Number         0  stm32f4xx_dma.o ABSOLUTE
    ..\\DriversMcu\\STM32F407\\Libraries\\STM32F4xx_StdPeriph_Driver\\src\\stm32f4xx_exti.c 0x00000000   Number         0  stm32f4xx_exti.o ABSOLUTE
    ..\\DriversMcu\\STM32F407\\Libraries\\STM32F4xx_StdPeriph_Driver\\src\\stm32f4xx_flash.c 0x00000000   Number         0  stm32f4xx_flash.o ABSOLUTE
    ..\\DriversMcu\\STM32F407\\Libraries\\STM32F4xx_StdPeriph_Driver\\src\\stm32f4xx_gpio.c 0x00000000   Number         0  stm32f4xx_gpio.o ABSOLUTE
    ..\\DriversMcu\\STM32F407\\Libraries\\STM32F4xx_StdPeriph_Driver\\src\\stm32f4xx_rcc.c 0x00000000   Number         0  stm32f4xx_rcc.o ABSOLUTE
    ..\\DriversMcu\\STM32F407\\Libraries\\STM32F4xx_StdPeriph_Driver\\src\\stm32f4xx_spi.c 0x00000000   Number         0  stm32f4xx_spi.o ABSOLUTE
    ..\\DriversMcu\\STM32F407\\Libraries\\STM32F4xx_StdPeriph_Driver\\src\\stm32f4xx_tim.c 0x00000000   Number         0  stm32f4xx_tim.o ABSOLUTE
    ..\\DriversMcu\\STM32F407\\Libraries\\STM32F4xx_StdPeriph_Driver\\src\\stm32f4xx_usart.c 0x00000000   Number         0  stm32f4xx_usart.o ABSOLUTE
    ..\\FcSrc\\ANO_DT_LX.c                   0x00000000   Number         0  ano_dt_lx.o ABSOLUTE
    ..\\FcSrc\\ANO_LX.c                      0x00000000   Number         0  ano_lx.o ABSOLUTE
    ..\\FcSrc\\Ano_Scheduler.c               0x00000000   Number         0  ano_scheduler.o ABSOLUTE
    ..\\FcSrc\\LX_FC_EXT_Sensor.c            0x00000000   Number         0  lx_fc_ext_sensor.o ABSOLUTE
    ..\\FcSrc\\LX_FC_Fun.c                   0x00000000   Number         0  lx_fc_fun.o ABSOLUTE
    ..\\FcSrc\\LX_FC_State.c                 0x00000000   Number         0  lx_fc_state.o ABSOLUTE
    ..\\FcSrc\\User_Task.c                   0x00000000   Number         0  user_task.o ABSOLUTE
    ..\\FcSrc\\main.c                        0x00000000   Number         0  main.o ABSOLUTE
    cdcmple.s                                0x00000000   Number         0  cdcmple.o ABSOLUTE
    cdrcmple.s                               0x00000000   Number         0  cdrcmple.o ABSOLUTE
    dc.s                                     0x00000000   Number         0  dc.o ABSOLUTE
    handlers.s                               0x00000000   Number         0  handlers.o ABSOLUTE
    init.s                                   0x00000000   Number         0  init.o ABSOLUTE
    RESET                                    0x08000000   Section      392  startup_stm32f4xx.o(RESET)
    .ARM.Collect$$$$00000000                 0x08000188   Section        0  entry.o(.ARM.Collect$$$$00000000)
    .ARM.Collect$$$$00000001                 0x08000188   Section        4  entry2.o(.ARM.Collect$$$$00000001)
    .ARM.Collect$$$$00000004                 0x0800018c   Section        4  entry5.o(.ARM.Collect$$$$00000004)
    .ARM.Collect$$$$00000008                 0x08000190   Section        0  entry7b.o(.ARM.Collect$$$$00000008)
    .ARM.Collect$$$$0000000A                 0x08000190   Section        0  entry8b.o(.ARM.Collect$$$$0000000A)
    .ARM.Collect$$$$0000000B                 0x08000190   Section        8  entry9a.o(.ARM.Collect$$$$0000000B)
    .ARM.Collect$$$$0000000E                 0x08000198   Section        4  entry12b.o(.ARM.Collect$$$$0000000E)
    .ARM.Collect$$$$0000000F                 0x0800019c   Section        0  entry10a.o(.ARM.Collect$$$$0000000F)
    .ARM.Collect$$$$00000011                 0x0800019c   Section        0  entry11a.o(.ARM.Collect$$$$00000011)
    .ARM.Collect$$$$00002712                 0x0800019c   Section        4  entry2.o(.ARM.Collect$$$$00002712)
    __lit__00000000                          0x0800019c   Data           4  entry2.o(.ARM.Collect$$$$00002712)
    .text                                    0x080001a0   Section        0  main.o(.text)
    .text                                    0x080001b4   Section        0  ano_scheduler.o(.text)
    Loop_1000Hz                              0x080001b5   Thumb Code     2  ano_scheduler.o(.text)
    Loop_500Hz                               0x080001b7   Thumb Code     2  ano_scheduler.o(.text)
    Loop_200Hz                               0x080001b9   Thumb Code     2  ano_scheduler.o(.text)
    Loop_100Hz                               0x080001bb   Thumb Code     2  ano_scheduler.o(.text)
    Loop_50Hz                                0x080001bd   Thumb Code     8  ano_scheduler.o(.text)
    Loop_20Hz                                0x080001c5   Thumb Code     2  ano_scheduler.o(.text)
    Loop_2Hz                                 0x080001c7   Thumb Code     2  ano_scheduler.o(.text)
    .text                                    0x08000264   Section        0  user_task.o(.text)
    OpenMV_Angle_PID_Reset                   0x08000265   Thumb Code    28  user_task.o(.text)
    OpenMV_Angle_PID_Calculate               0x08000281   Thumb Code   214  user_task.o(.text)
    OpenMV_Angle_PID_Control                 0x08000357   Thumb Code   128  user_task.o(.text)
    .text                                    0x080007a0   Section        0  ano_dt_lx.o(.text)
    ANO_DT_LX_Send_Data                      0x0800085f   Thumb Code    16  ano_dt_lx.o(.text)
    ANO_DT_LX_Data_Receive_Anl               0x08000889   Thumb Code   486  ano_dt_lx.o(.text)
    Add_Send_Data                            0x08000b71   Thumb Code   540  ano_dt_lx.o(.text)
    Frame_Send                               0x08000d8d   Thumb Code   190  ano_dt_lx.o(.text)
    Check_To_Send                            0x08000e4b   Thumb Code   138  ano_dt_lx.o(.text)
    CK_Back_Check                            0x08000f45   Thumb Code    90  ano_dt_lx.o(.text)
    .text                                    0x08000fd4   Section        0  ano_lx.o(.text)
    RC_Data_Task                             0x08000fd5   Thumb Code   636  ano_lx.o(.text)
    ESC_Output                               0x08001251   Thumb Code   448  ano_lx.o(.text)
    Bat_Voltage_Data_Handle                  0x08001411   Thumb Code    28  ano_lx.o(.text)
    .text                                    0x080014d0   Section        0  lx_fc_ext_sensor.o(.text)
    General_Velocity_Data_Handle             0x0800151f   Thumb Code   120  lx_fc_ext_sensor.o(.text)
    .text                                    0x080015b4   Section        0  lx_fc_fun.o(.text)
    .text                                    0x080019b4   Section        0  lx_fc_state.o(.text)
    LX_Unlock_Lock_Check                     0x080019b5   Thumb Code   438  lx_fc_state.o(.text)
    .text                                    0x08001c38   Section        0  drv_bsp.o(.text)
    rcSignalCheck                            0x08001f37   Thumb Code   168  drv_bsp.o(.text)
    .text                                    0x0800210c   Section        0  ano_math.o(.text)
    .text                                    0x08002988   Section        0  drv_anoof.o(.text)
    AnoOF_DataAnl                            0x08002a3d   Thumb Code   364  drv_anoof.o(.text)
    .text                                    0x08002cc8   Section        0  drv_ubloxgps.o(.text)
    .text                                    0x08003070   Section        0  stm32f4xx_it.o(.text)
    .text                                    0x080030ec   Section        0  drv_sys.o(.text)
    .text                                    0x080031f4   Section        0  drv_adc.o(.text)
    initAdcDMA                               0x080031f5   Thumb Code   108  drv_adc.o(.text)
    .text                                    0x08003388   Section        0  drv_led.o(.text)
    .text                                    0x080034a4   Section        0  drv_pwmout.o(.text)
    .text                                    0x08003820   Section        0  drv_rcin.o(.text)
    .text                                    0x08003a04   Section        0  drv_timer.o(.text)
    .text                                    0x08003a90   Section        0  drv_uart.o(.text)
    OpenMV_DataAnl                           0x08004011   Thumb Code    86  drv_uart.o(.text)
    .text                                    0x08004674   Section       36  startup_stm32f4xx.o(.text)
    $v0                                      0x08004674   Number         0  startup_stm32f4xx.o(.text)
    .text                                    0x08004698   Section        0  system_stm32f4xx.o(.text)
    SetSysClock                              0x08004699   Thumb Code   220  system_stm32f4xx.o(.text)
    .text                                    0x080048a8   Section        0  misc.o(.text)
    .text                                    0x08004a68   Section        0  stm32f4xx_adc.o(.text)
    .text                                    0x08005a44   Section        0  stm32f4xx_dma.o(.text)
    .text                                    0x08006dac   Section        0  stm32f4xx_exti.o(.text)
    .text                                    0x08007080   Section        0  stm32f4xx_gpio.o(.text)
    .text                                    0x08007948   Section        0  stm32f4xx_rcc.o(.text)
    .text                                    0x08008644   Section        0  stm32f4xx_tim.o(.text)
    TI4_Config                               0x0800a2bd   Thumb Code    80  stm32f4xx_tim.o(.text)
    TI3_Config                               0x0800a3a1   Thumb Code    72  stm32f4xx_tim.o(.text)
    TI2_Config                               0x0800a45f   Thumb Code    80  stm32f4xx_tim.o(.text)
    TI1_Config                               0x0800a535   Thumb Code    58  stm32f4xx_tim.o(.text)
    .text                                    0x0800b830   Section        0  stm32f4xx_usart.o(.text)
    .text                                    0x0800c654   Section        0  dadd.o(.text)
    .text                                    0x0800c7a2   Section        0  dmul.o(.text)
    .text                                    0x0800c886   Section        0  dflti.o(.text)
    .text                                    0x0800c8a8   Section       48  cdcmple.o(.text)
    .text                                    0x0800c8d8   Section       48  cdrcmple.o(.text)
    .text                                    0x0800c908   Section        0  d2f.o(.text)
    .text                                    0x0800c940   Section        0  llshl.o(.text)
    .text                                    0x0800c95e   Section        0  llsshr.o(.text)
    .text                                    0x0800c982   Section        0  iusefp.o(.text)
    .text                                    0x0800c982   Section        0  fepilogue.o(.text)
    .text                                    0x0800c9f0   Section        0  depilogue.o(.text)
    .text                                    0x0800caac   Section       36  init.o(.text)
    .text                                    0x0800cad0   Section        0  llushr.o(.text)
    .text                                    0x0800caf0   Section        0  __dczerorl2.o(.text)
    i.__scatterload_copy                     0x0800cb46   Section       14  handlers.o(i.__scatterload_copy)
    i.__scatterload_null                     0x0800cb54   Section        2  handlers.o(i.__scatterload_null)
    i.__scatterload_zeroinit                 0x0800cb56   Section       14  handlers.o(i.__scatterload_zeroinit)
    .constdata                               0x0800cb64   Section     1028  ano_math.o(.constdata)
    .conststring                             0x0800cf68   Section       72  misc.o(.conststring)
    .conststring                             0x0800cfb0   Section       81  stm32f4xx_adc.o(.conststring)
    .conststring                             0x0800d004   Section       81  stm32f4xx_dma.o(.conststring)
    .conststring                             0x0800d058   Section       82  stm32f4xx_exti.o(.conststring)
    .conststring                             0x0800d0ac   Section       82  stm32f4xx_gpio.o(.conststring)
    .conststring                             0x0800d100   Section       81  stm32f4xx_rcc.o(.conststring)
    .conststring                             0x0800d154   Section       81  stm32f4xx_tim.o(.conststring)
    .conststring                             0x0800d1a8   Section       83  stm32f4xx_usart.o(.conststring)
    .data                                    0x20000000   Section       84  ano_scheduler.o(.data)
    sched_tasks                              0x20000000   Data          84  ano_scheduler.o(.data)
    .data                                    0x20000054   Section       35  user_task.o(.data)
    g_angle_pid                              0x20000054   Data          24  user_task.o(.data)
    pid_timer                                0x2000006c   Data           2  user_task.o(.data)
    one_key_takeoff_f                        0x2000006e   Data           1  user_task.o(.data)
    one_key_land_f                           0x2000006f   Data           1  user_task.o(.data)
    one_key_mission_f                        0x20000070   Data           1  user_task.o(.data)
    mission_step                             0x20000071   Data           1  user_task.o(.data)
    time_dly_cnt_ms                          0x20000072   Data           2  user_task.o(.data)
    turn_signal_cnt                          0x20000074   Data           1  user_task.o(.data)
    turn_direction                           0x20000075   Data           1  user_task.o(.data)
    turn_start_flag                          0x20000076   Data           1  user_task.o(.data)
    .data                                    0x20000078   Section       10  ano_dt_lx.o(.data)
    DT_data_cnt                              0x2000007c   Data           1  ano_dt_lx.o(.data)
    repeat_cnt                               0x2000007d   Data           1  ano_dt_lx.o(.data)
    _data_len                                0x2000007e   Data           1  ano_dt_lx.o(.data)
    _data_cnt                                0x2000007f   Data           1  ano_dt_lx.o(.data)
    rxstate                                  0x20000080   Data           1  ano_dt_lx.o(.data)
    time_dly                                 0x20000081   Data           1  ano_dt_lx.o(.data)
    .data                                    0x20000082   Section       30  ano_lx.o(.data)
    fail_safe_change_mod                     0x20000093   Data           1  ano_lx.o(.data)
    fail_safe_return_home                    0x20000094   Data           1  ano_lx.o(.data)
    mod_f                                    0x20000095   Data           3  ano_lx.o(.data)
    mod_f_time_cnt                           0x20000098   Data           2  ano_lx.o(.data)
    esc_calibrated                           0x2000009a   Data           1  ano_lx.o(.data)
    tmp_cnt                                  0x2000009c   Data           4  ano_lx.o(.data)
    .data                                    0x200000a0   Section        4  lx_fc_ext_sensor.o(.data)
    of_update_cnt                            0x200000a0   Data           1  lx_fc_ext_sensor.o(.data)
    of_alt_update_cnt                        0x200000a1   Data           1  lx_fc_ext_sensor.o(.data)
    dT_ms                                    0x200000a2   Data           1  lx_fc_ext_sensor.o(.data)
    of_alt_update_cnt                        0x200000a3   Data           1  lx_fc_ext_sensor.o(.data)
    .data                                    0x200000a4   Section        1  lx_fc_fun.o(.data)
    old_mode                                 0x200000a4   Data           1  lx_fc_fun.o(.data)
    .data                                    0x200000a6   Section        6  lx_fc_state.o(.data)
    time_dly_cnt_ms                          0x200000a8   Data           2  lx_fc_state.o(.data)
    unlock_lock_flag                         0x200000aa   Data           1  lx_fc_state.o(.data)
    cali_f                                   0x200000ab   Data           1  lx_fc_state.o(.data)
    .data                                    0x200000ac   Section       19  drv_bsp.o(.data)
    ch_sta                                   0x200000ac   Data           1  drv_bsp.o(.data)
    sbus_time                                0x200000b0   Data           8  drv_bsp.o(.data)
    cnt                                      0x200000b8   Data           1  drv_bsp.o(.data)
    frame_cnt                                0x200000b9   Data           1  drv_bsp.o(.data)
    cnt_tmp                                  0x200000ba   Data           1  drv_bsp.o(.data)
    time_dly                                 0x200000bc   Data           2  drv_bsp.o(.data)
    failsafe                                 0x200000be   Data           1  drv_bsp.o(.data)
    .data                                    0x200000bf   Section        3  drv_anoof.o(.data)
    _data_len                                0x200000bf   Data           1  drv_anoof.o(.data)
    _data_cnt                                0x200000c0   Data           1  drv_anoof.o(.data)
    rxstate                                  0x200000c1   Data           1  drv_anoof.o(.data)
    .data                                    0x200000c2   Section      182  drv_ubloxgps.o(.data)
    protocol_class                           0x20000171   Data           1  drv_ubloxgps.o(.data)
    protocol_id                              0x20000172   Data           1  drv_ubloxgps.o(.data)
    protocol_length_t                        0x20000173   Data           1  drv_ubloxgps.o(.data)
    protocol_length                          0x20000174   Data           2  drv_ubloxgps.o(.data)
    state                                    0x20000177   Data           1  drv_ubloxgps.o(.data)
    .data                                    0x20000178   Section        8  drv_sys.o(.data)
    SysRunTimeMs                             0x20000178   Data           8  drv_sys.o(.data)
    .data                                    0x20000180   Section       12  drv_led.o(.data)
    led_cnt                                  0x20000184   Data           8  drv_led.o(.data)
    .data                                    0x2000018c   Section        4  drv_rcin.o(.data)
    temp_cnt                                 0x2000018c   Data           4  drv_rcin.o(.data)
    .data                                    0x20000190   Section       37  drv_uart.o(.data)
    _data_len                                0x200001b2   Data           1  drv_uart.o(.data)
    _data_cnt                                0x200001b3   Data           1  drv_uart.o(.data)
    rxstate                                  0x200001b4   Data           1  drv_uart.o(.data)
    .data                                    0x200001b8   Section       20  system_stm32f4xx.o(.data)
    .data                                    0x200001cc   Section       16  stm32f4xx_rcc.o(.data)
    APBAHBPrescTable                         0x200001cc   Data          16  stm32f4xx_rcc.o(.data)
    .bss                                     0x200001dc   Section     1872  ano_dt_lx.o(.bss)
    DT_RxBuffer                              0x2000082c   Data         256  ano_dt_lx.o(.bss)
    .bss                                     0x2000092c   Section       56  ano_lx.o(.bss)
    pwm                                      0x20000954   Data          16  ano_lx.o(.bss)
    .bss                                     0x20000964   Section       48  lx_fc_ext_sensor.o(.bss)
    .bss                                     0x20000994   Section       11  lx_fc_state.o(.bss)
    .bss                                     0x200009a0   Section      107  drv_bsp.o(.bss)
    datatmp                                  0x200009f2   Data          25  drv_bsp.o(.bss)
    .bss                                     0x20000a0c   Section      124  drv_anoof.o(.bss)
    _datatemp                                0x20000a48   Data          50  drv_anoof.o(.bss)
    check_time_ms                            0x20000a7c   Data          12  drv_anoof.o(.bss)
    .bss                                     0x20000a88   Section      100  drv_ubloxgps.o(.bss)
    .bss                                     0x20000aec   Section      100  drv_adc.o(.bss)
    .bss                                     0x20000b50   Section     1830  drv_uart.o(.bss)
    STACK                                    0x20001278   Section     2048  startup_stm32f4xx.o(STACK)

    Global Symbols

    Symbol Name                              Value     Ov Type        Size  Object(Section)

    BuildAttributes$$THM_ISAv4$E$P$D$K$B$S$7EM$VFPi3$EXTD16$VFPS$VFMA$PE$A:L22UL41UL21$X:L11$S22US41US21$IEEE1$IW$USESV6$~STKCKD$USESV7$~SHL$OTIME$ROPI$EBA8$MICROLIB$REQ8$PRES8$EABIv2 0x00000000   Number         0  anon$$obj.o ABSOLUTE
    __ARM_use_no_argv                        0x00000000   Number         0  main.o ABSOLUTE
    __arm_fini_                               - Undefined Weak Reference
    __cpp_initialize__aeabi_                  - Undefined Weak Reference
    __cxa_finalize                            - Undefined Weak Reference
    _clock_init                               - Undefined Weak Reference
    _microlib_exit                            - Undefined Weak Reference
    __Vectors_Size                           0x00000188   Number         0  startup_stm32f4xx.o ABSOLUTE
    __Vectors                                0x08000000   Data           4  startup_stm32f4xx.o(RESET)
    __Vectors_End                            0x08000188   Data           0  startup_stm32f4xx.o(RESET)
    __main                                   0x08000189   Thumb Code     0  entry.o(.ARM.Collect$$$$00000000)
    _main_stk                                0x08000189   Thumb Code     0  entry2.o(.ARM.Collect$$$$00000001)
    _main_scatterload                        0x0800018d   Thumb Code     0  entry5.o(.ARM.Collect$$$$00000004)
    __main_after_scatterload                 0x08000191   Thumb Code     0  entry5.o(.ARM.Collect$$$$00000004)
    _main_clock                              0x08000191   Thumb Code     0  entry7b.o(.ARM.Collect$$$$00000008)
    _main_cpp_init                           0x08000191   Thumb Code     0  entry8b.o(.ARM.Collect$$$$0000000A)
    _main_init                               0x08000191   Thumb Code     0  entry9a.o(.ARM.Collect$$$$0000000B)
    __rt_lib_shutdown_fini                   0x08000199   Thumb Code     0  entry12b.o(.ARM.Collect$$$$0000000E)
    __rt_final_cpp                           0x0800019d   Thumb Code     0  entry10a.o(.ARM.Collect$$$$0000000F)
    __rt_final_exit                          0x0800019d   Thumb Code     0  entry11a.o(.ARM.Collect$$$$00000011)
    assert_failed                            0x080001a1   Thumb Code     4  main.o(.text)
    main                                     0x080001a5   Thumb Code    16  main.o(.text)
    Scheduler_Setup                          0x080001c9   Thumb Code    76  ano_scheduler.o(.text)
    Scheduler_Run                            0x08000215   Thumb Code    76  ano_scheduler.o(.text)
    UserTask_OneKeyCmd                       0x080003d7   Thumb Code   940  user_task.o(.text)
    ANO_DT_Init                              0x080007a1   Thumb Code   190  ano_dt_lx.o(.text)
    CK_Back                                  0x0800086f   Thumb Code    12  ano_dt_lx.o(.text)
    PAR_Back                                 0x0800087b   Thumb Code    14  ano_dt_lx.o(.text)
    ANO_DT_LX_Data_Receive_Prepare           0x08000a6f   Thumb Code   258  ano_dt_lx.o(.text)
    CMD_Send                                 0x08000ed5   Thumb Code    22  ano_dt_lx.o(.text)
    ANO_LX_Data_Exchange_Task                0x08000eeb   Thumb Code    90  ano_dt_lx.o(.text)
    ANO_LX_Task                              0x0800142d   Thumb Code   144  ano_lx.o(.text)
    LX_FC_EXT_Sensor_Task                    0x080014d1   Thumb Code    78  lx_fc_ext_sensor.o(.text)
    FC_Unlock                                0x080015b5   Thumb Code    56  lx_fc_fun.o(.text)
    FC_Lock                                  0x080015ed   Thumb Code    56  lx_fc_fun.o(.text)
    LX_Change_Mode                           0x08001625   Thumb Code    80  lx_fc_fun.o(.text)
    OneKey_Return_Home                       0x08001675   Thumb Code    50  lx_fc_fun.o(.text)
    OneKey_Takeoff                           0x080016a7   Thumb Code    66  lx_fc_fun.o(.text)
    OneKey_Land                              0x080016e9   Thumb Code    50  lx_fc_fun.o(.text)
    hover                                    0x0800171b   Thumb Code    50  lx_fc_fun.o(.text)
    TurnLeft                                 0x0800174d   Thumb Code   148  lx_fc_fun.o(.text)
    TurnRight                                0x080017e1   Thumb Code   156  lx_fc_fun.o(.text)
    Horizontal_Move                          0x0800187d   Thumb Code    98  lx_fc_fun.o(.text)
    Horizontal_Calibrate                     0x080018df   Thumb Code    50  lx_fc_fun.o(.text)
    Mag_Calibrate                            0x08001911   Thumb Code    50  lx_fc_fun.o(.text)
    ACC_Calibrate                            0x08001943   Thumb Code    50  lx_fc_fun.o(.text)
    GYR_Calibrate                            0x08001975   Thumb Code    64  lx_fc_fun.o(.text)
    LX_Cali_Trig_Check                       0x08001b6b   Thumb Code   150  lx_fc_state.o(.text)
    LX_FC_State_Task                         0x08001c01   Thumb Code    26  lx_fc_state.o(.text)
    DrvRcInputInit                           0x08001c39   Thumb Code    20  drv_bsp.o(.text)
    All_Init                                 0x08001c4d   Thumb Code    94  drv_bsp.o(.text)
    DrvPpmGetOneCh                           0x08001cab   Thumb Code    92  drv_bsp.o(.text)
    DrvSbusGetOneByte                        0x08001d07   Thumb Code   560  drv_bsp.o(.text)
    DrvRcInputTask                           0x08001fdf   Thumb Code   284  drv_bsp.o(.text)
    my_abs                                   0x0800210d   Thumb Code    26  ano_math.o(.text)
    fast_atan2                               0x08002127   Thumb Code   350  ano_math.o(.text)
    my_atan                                  0x08002285   Thumb Code    24  ano_math.o(.text)
    my_sqrt_reciprocal                       0x0800229d   Thumb Code    76  ano_math.o(.text)
    my_sqrt                                  0x080022e9   Thumb Code    20  ano_math.o(.text)
    mx_sin                                   0x080022fd   Thumb Code   292  ano_math.o(.text)
    my_sin                                   0x08002421   Thumb Code   108  ano_math.o(.text)
    my_cos                                   0x0800248d   Thumb Code   136  ano_math.o(.text)
    my_deadzone                              0x08002515   Thumb Code   152  ano_math.o(.text)
    my_deadzone_2                            0x080025ad   Thumb Code    48  ano_math.o(.text)
    my_HPF                                   0x080025dd   Thumb Code   346  ano_math.o(.text)
    To_180_degrees_db                        0x08002737   Thumb Code   108  ano_math.o(.text)
    length_limit                             0x080027a3   Thumb Code   140  ano_math.o(.text)
    fifo                                     0x0800282f   Thumb Code    42  ano_math.o(.text)
    rot_vec_2                                0x08002859   Thumb Code    84  ano_math.o(.text)
    vec_2_cross_product                      0x080028ad   Thumb Code    26  ano_math.o(.text)
    vec_2_dot_product                        0x080028c7   Thumb Code    26  ano_math.o(.text)
    vec_3_cross_product_err_sinx             0x080028e1   Thumb Code    86  ano_math.o(.text)
    vec_3_dot_product                        0x08002937   Thumb Code    38  ano_math.o(.text)
    AnoOF_Check_State                        0x08002989   Thumb Code   180  drv_anoof.o(.text)
    AnoOF_GetOneByte                         0x08002ba9   Thumb Code   252  drv_anoof.o(.text)
    GPS_Data_Prepare_Task                    0x08002cc9   Thumb Code   306  drv_ubloxgps.o(.text)
    GPS_Rate_H                               0x08002dfb   Thumb Code    12  drv_ubloxgps.o(.text)
    GPS_Rate_L                               0x08002e07   Thumb Code    12  drv_ubloxgps.o(.text)
    Init_GPS                                 0x08002e13   Thumb Code   196  drv_ubloxgps.o(.text)
    UBLOX_M8_GPS_Data_Receive                0x08002ed7   Thumb Code   328  drv_ubloxgps.o(.text)
    NMI_Handler                              0x08003071   Thumb Code     2  stm32f4xx_it.o(.text)
    MemManage_Handler                        0x08003073   Thumb Code     4  stm32f4xx_it.o(.text)
    BusFault_Handler                         0x08003077   Thumb Code     4  stm32f4xx_it.o(.text)
    UsageFault_Handler                       0x0800307b   Thumb Code     4  stm32f4xx_it.o(.text)
    SVC_Handler                              0x0800307f   Thumb Code     2  stm32f4xx_it.o(.text)
    DebugMon_Handler                         0x08003081   Thumb Code     2  stm32f4xx_it.o(.text)
    EXTI9_5_IRQHandler                       0x08003083   Thumb Code    18  stm32f4xx_it.o(.text)
    TIM3_IRQHandler                          0x08003095   Thumb Code     8  stm32f4xx_it.o(.text)
    TIM4_IRQHandler                          0x0800309d   Thumb Code     2  stm32f4xx_it.o(.text)
    TIM7_IRQHandler                          0x0800309f   Thumb Code    26  stm32f4xx_it.o(.text)
    USART1_IRQHandler                        0x080030b9   Thumb Code     8  stm32f4xx_it.o(.text)
    USART2_IRQHandler                        0x080030c1   Thumb Code     8  stm32f4xx_it.o(.text)
    USART3_IRQHandler                        0x080030c9   Thumb Code     8  stm32f4xx_it.o(.text)
    UART4_IRQHandler                         0x080030d1   Thumb Code     8  stm32f4xx_it.o(.text)
    UART5_IRQHandler                         0x080030d9   Thumb Code     8  stm32f4xx_it.o(.text)
    USART6_IRQHandler                        0x080030e1   Thumb Code     8  stm32f4xx_it.o(.text)
    SysTick_Init                             0x080030ed   Thumb Code   100  drv_sys.o(.text)
    SysTick_Handler                          0x08003151   Thumb Code    20  drv_sys.o(.text)
    GetSysRunTimeMs                          0x08003165   Thumb Code     6  drv_sys.o(.text)
    GetSysRunTimeUs                          0x0800316b   Thumb Code    62  drv_sys.o(.text)
    MyDelayUs                                0x080031a9   Thumb Code    24  drv_sys.o(.text)
    MyDelayMs                                0x080031c1   Thumb Code    24  drv_sys.o(.text)
    DrvSysInit                               0x080031d9   Thumb Code    16  drv_sys.o(.text)
    DrvAdcInit                               0x08003261   Thumb Code   168  drv_adc.o(.text)
    Drv_AdcGetBatVot                         0x08003309   Thumb Code    92  drv_adc.o(.text)
    DvrLedInit                               0x08003389   Thumb Code   112  drv_led.o(.text)
    LED_On_Off                               0x080033f9   Thumb Code    82  drv_led.o(.text)
    LED_1ms_DRV                              0x0800344b   Thumb Code    78  drv_led.o(.text)
    DrvPwmOutInit                            0x080034a5   Thumb Code   742  drv_pwmout.o(.text)
    DrvMotorPWMSet                           0x0800378b   Thumb Code   112  drv_pwmout.o(.text)
    DrvRcPpmInit                             0x08003821   Thumb Code   176  drv_rcin.o(.text)
    PPM_IRQH                                 0x080038d1   Thumb Code    82  drv_rcin.o(.text)
    DrvRcSbusInit                            0x08003923   Thumb Code   166  drv_rcin.o(.text)
    Sbus_IRQH                                0x080039c9   Thumb Code    40  drv_rcin.o(.text)
    TIM_CONF                                 0x08003a05   Thumb Code    80  drv_timer.o(.text)
    TIM_NVIC                                 0x08003a55   Thumb Code    32  drv_timer.o(.text)
    DrvTimerFcInit                           0x08003a75   Thumb Code    24  drv_timer.o(.text)
    NoUse                                    0x08003a91   Thumb Code     2  drv_uart.o(.text)
    DrvUart1Init                             0x08003a93   Thumb Code   246  drv_uart.o(.text)
    DrvUart1SendBuf                          0x08003b89   Thumb Code    60  drv_uart.o(.text)
    drvU1GetByte                             0x08003bc5   Thumb Code    32  drv_uart.o(.text)
    drvU1DataCheck                           0x08003be5   Thumb Code    52  drv_uart.o(.text)
    Usart1_IRQ                               0x08003c19   Thumb Code   110  drv_uart.o(.text)
    DrvUart2Init                             0x08003c87   Thumb Code   234  drv_uart.o(.text)
    DrvUart2SendBuf                          0x08003d71   Thumb Code    62  drv_uart.o(.text)
    drvU2GetByte                             0x08003daf   Thumb Code    32  drv_uart.o(.text)
    drvU2DataCheck                           0x08003dcf   Thumb Code    52  drv_uart.o(.text)
    Usart2_IRQ                               0x08003e03   Thumb Code   120  drv_uart.o(.text)
    DrvUart3Init                             0x08003e7b   Thumb Code   312  drv_uart.o(.text)
    DrvUart3SendBuf                          0x08003fb3   Thumb Code    62  drv_uart.o(.text)
    drvU3GetByte                             0x08003ff1   Thumb Code    32  drv_uart.o(.text)
    OpenMV_GetOneByte                        0x08004067   Thumb Code   252  drv_uart.o(.text)
    drvU3DataCheck                           0x08004163   Thumb Code    52  drv_uart.o(.text)
    Usart3_IRQ                               0x08004197   Thumb Code   120  drv_uart.o(.text)
    DrvUart4Init                             0x0800420f   Thumb Code   200  drv_uart.o(.text)
    DrvUart4SendBuf                          0x080042d7   Thumb Code   166  drv_uart.o(.text)
    drvU4GetByte                             0x0800437d   Thumb Code    32  drv_uart.o(.text)
    drvU4DataCheck                           0x0800439d   Thumb Code    52  drv_uart.o(.text)
    Uart4_IRQ                                0x080043d1   Thumb Code   120  drv_uart.o(.text)
    DrvUart5Init                             0x08004449   Thumb Code   214  drv_uart.o(.text)
    DrvUart5SendBuf                          0x0800451f   Thumb Code    60  drv_uart.o(.text)
    drvU5GetByte                             0x0800455b   Thumb Code    32  drv_uart.o(.text)
    drvU5DataCheck                           0x0800457b   Thumb Code    52  drv_uart.o(.text)
    Uart5_IRQ                                0x080045af   Thumb Code   110  drv_uart.o(.text)
    DrvUartDataCheck                         0x0800461d   Thumb Code    24  drv_uart.o(.text)
    Reset_Handler                            0x08004675   Thumb Code     8  startup_stm32f4xx.o(.text)
    HardFault_Handler                        0x0800467f   Thumb Code     2  startup_stm32f4xx.o(.text)
    PendSV_Handler                           0x0800468b   Thumb Code     2  startup_stm32f4xx.o(.text)
    ADC_IRQHandler                           0x0800468f   Thumb Code     0  startup_stm32f4xx.o(.text)
    CAN1_RX0_IRQHandler                      0x0800468f   Thumb Code     0  startup_stm32f4xx.o(.text)
    CAN1_RX1_IRQHandler                      0x0800468f   Thumb Code     0  startup_stm32f4xx.o(.text)
    CAN1_SCE_IRQHandler                      0x0800468f   Thumb Code     0  startup_stm32f4xx.o(.text)
    CAN1_TX_IRQHandler                       0x0800468f   Thumb Code     0  startup_stm32f4xx.o(.text)
    CAN2_RX0_IRQHandler                      0x0800468f   Thumb Code     0  startup_stm32f4xx.o(.text)
    CAN2_RX1_IRQHandler                      0x0800468f   Thumb Code     0  startup_stm32f4xx.o(.text)
    CAN2_SCE_IRQHandler                      0x0800468f   Thumb Code     0  startup_stm32f4xx.o(.text)
    CAN2_TX_IRQHandler                       0x0800468f   Thumb Code     0  startup_stm32f4xx.o(.text)
    CRYP_IRQHandler                          0x0800468f   Thumb Code     0  startup_stm32f4xx.o(.text)
    DCMI_IRQHandler                          0x0800468f   Thumb Code     0  startup_stm32f4xx.o(.text)
    DMA1_Stream0_IRQHandler                  0x0800468f   Thumb Code     0  startup_stm32f4xx.o(.text)
    DMA1_Stream1_IRQHandler                  0x0800468f   Thumb Code     0  startup_stm32f4xx.o(.text)
    DMA1_Stream2_IRQHandler                  0x0800468f   Thumb Code     0  startup_stm32f4xx.o(.text)
    DMA1_Stream3_IRQHandler                  0x0800468f   Thumb Code     0  startup_stm32f4xx.o(.text)
    DMA1_Stream4_IRQHandler                  0x0800468f   Thumb Code     0  startup_stm32f4xx.o(.text)
    DMA1_Stream5_IRQHandler                  0x0800468f   Thumb Code     0  startup_stm32f4xx.o(.text)
    DMA1_Stream6_IRQHandler                  0x0800468f   Thumb Code     0  startup_stm32f4xx.o(.text)
    DMA1_Stream7_IRQHandler                  0x0800468f   Thumb Code     0  startup_stm32f4xx.o(.text)
    DMA2_Stream0_IRQHandler                  0x0800468f   Thumb Code     0  startup_stm32f4xx.o(.text)
    DMA2_Stream1_IRQHandler                  0x0800468f   Thumb Code     0  startup_stm32f4xx.o(.text)
    DMA2_Stream2_IRQHandler                  0x0800468f   Thumb Code     0  startup_stm32f4xx.o(.text)
    DMA2_Stream3_IRQHandler                  0x0800468f   Thumb Code     0  startup_stm32f4xx.o(.text)
    DMA2_Stream4_IRQHandler                  0x0800468f   Thumb Code     0  startup_stm32f4xx.o(.text)
    DMA2_Stream5_IRQHandler                  0x0800468f   Thumb Code     0  startup_stm32f4xx.o(.text)
    DMA2_Stream6_IRQHandler                  0x0800468f   Thumb Code     0  startup_stm32f4xx.o(.text)
    DMA2_Stream7_IRQHandler                  0x0800468f   Thumb Code     0  startup_stm32f4xx.o(.text)
    ETH_IRQHandler                           0x0800468f   Thumb Code     0  startup_stm32f4xx.o(.text)
    ETH_WKUP_IRQHandler                      0x0800468f   Thumb Code     0  startup_stm32f4xx.o(.text)
    EXTI0_IRQHandler                         0x0800468f   Thumb Code     0  startup_stm32f4xx.o(.text)
    EXTI15_10_IRQHandler                     0x0800468f   Thumb Code     0  startup_stm32f4xx.o(.text)
    EXTI1_IRQHandler                         0x0800468f   Thumb Code     0  startup_stm32f4xx.o(.text)
    EXTI2_IRQHandler                         0x0800468f   Thumb Code     0  startup_stm32f4xx.o(.text)
    EXTI3_IRQHandler                         0x0800468f   Thumb Code     0  startup_stm32f4xx.o(.text)
    EXTI4_IRQHandler                         0x0800468f   Thumb Code     0  startup_stm32f4xx.o(.text)
    FLASH_IRQHandler                         0x0800468f   Thumb Code     0  startup_stm32f4xx.o(.text)
    FPU_IRQHandler                           0x0800468f   Thumb Code     0  startup_stm32f4xx.o(.text)
    FSMC_IRQHandler                          0x0800468f   Thumb Code     0  startup_stm32f4xx.o(.text)
    HASH_RNG_IRQHandler                      0x0800468f   Thumb Code     0  startup_stm32f4xx.o(.text)
    I2C1_ER_IRQHandler                       0x0800468f   Thumb Code     0  startup_stm32f4xx.o(.text)
    I2C1_EV_IRQHandler                       0x0800468f   Thumb Code     0  startup_stm32f4xx.o(.text)
    I2C2_ER_IRQHandler                       0x0800468f   Thumb Code     0  startup_stm32f4xx.o(.text)
    I2C2_EV_IRQHandler                       0x0800468f   Thumb Code     0  startup_stm32f4xx.o(.text)
    I2C3_ER_IRQHandler                       0x0800468f   Thumb Code     0  startup_stm32f4xx.o(.text)
    I2C3_EV_IRQHandler                       0x0800468f   Thumb Code     0  startup_stm32f4xx.o(.text)
    OTG_FS_IRQHandler                        0x0800468f   Thumb Code     0  startup_stm32f4xx.o(.text)
    OTG_FS_WKUP_IRQHandler                   0x0800468f   Thumb Code     0  startup_stm32f4xx.o(.text)
    OTG_HS_EP1_IN_IRQHandler                 0x0800468f   Thumb Code     0  startup_stm32f4xx.o(.text)
    OTG_HS_EP1_OUT_IRQHandler                0x0800468f   Thumb Code     0  startup_stm32f4xx.o(.text)
    OTG_HS_IRQHandler                        0x0800468f   Thumb Code     0  startup_stm32f4xx.o(.text)
    OTG_HS_WKUP_IRQHandler                   0x0800468f   Thumb Code     0  startup_stm32f4xx.o(.text)
    PVD_IRQHandler                           0x0800468f   Thumb Code     0  startup_stm32f4xx.o(.text)
    RCC_IRQHandler                           0x0800468f   Thumb Code     0  startup_stm32f4xx.o(.text)
    RTC_Alarm_IRQHandler                     0x0800468f   Thumb Code     0  startup_stm32f4xx.o(.text)
    RTC_WKUP_IRQHandler                      0x0800468f   Thumb Code     0  startup_stm32f4xx.o(.text)
    SDIO_IRQHandler                          0x0800468f   Thumb Code     0  startup_stm32f4xx.o(.text)
    SPI1_IRQHandler                          0x0800468f   Thumb Code     0  startup_stm32f4xx.o(.text)
    SPI2_IRQHandler                          0x0800468f   Thumb Code     0  startup_stm32f4xx.o(.text)
    SPI3_IRQHandler                          0x0800468f   Thumb Code     0  startup_stm32f4xx.o(.text)
    TAMP_STAMP_IRQHandler                    0x0800468f   Thumb Code     0  startup_stm32f4xx.o(.text)
    TIM1_BRK_TIM9_IRQHandler                 0x0800468f   Thumb Code     0  startup_stm32f4xx.o(.text)
    TIM1_CC_IRQHandler                       0x0800468f   Thumb Code     0  startup_stm32f4xx.o(.text)
    TIM1_TRG_COM_TIM11_IRQHandler            0x0800468f   Thumb Code     0  startup_stm32f4xx.o(.text)
    TIM1_UP_TIM10_IRQHandler                 0x0800468f   Thumb Code     0  startup_stm32f4xx.o(.text)
    TIM2_IRQHandler                          0x0800468f   Thumb Code     0  startup_stm32f4xx.o(.text)
    TIM5_IRQHandler                          0x0800468f   Thumb Code     0  startup_stm32f4xx.o(.text)
    TIM6_DAC_IRQHandler                      0x0800468f   Thumb Code     0  startup_stm32f4xx.o(.text)
    TIM8_BRK_TIM12_IRQHandler                0x0800468f   Thumb Code     0  startup_stm32f4xx.o(.text)
    TIM8_CC_IRQHandler                       0x0800468f   Thumb Code     0  startup_stm32f4xx.o(.text)
    TIM8_TRG_COM_TIM14_IRQHandler            0x0800468f   Thumb Code     0  startup_stm32f4xx.o(.text)
    TIM8_UP_TIM13_IRQHandler                 0x0800468f   Thumb Code     0  startup_stm32f4xx.o(.text)
    WWDG_IRQHandler                          0x0800468f   Thumb Code     0  startup_stm32f4xx.o(.text)
    SystemInit                               0x08004775   Thumb Code    88  system_stm32f4xx.o(.text)
    SystemCoreClockUpdate                    0x080047cd   Thumb Code   174  system_stm32f4xx.o(.text)
    NVIC_PriorityGroupConfig                 0x080048a9   Thumb Code    54  misc.o(.text)
    NVIC_Init                                0x080048df   Thumb Code   164  misc.o(.text)
    NVIC_SetVectorTable                      0x08004983   Thumb Code    60  misc.o(.text)
    NVIC_SystemLPConfig                      0x080049bf   Thumb Code    78  misc.o(.text)
    SysTick_CLKSourceConfig                  0x08004a0d   Thumb Code    62  misc.o(.text)
    ADC_DeInit                               0x08004a69   Thumb Code    22  stm32f4xx_adc.o(.text)
    ADC_Init                                 0x08004a7f   Thumb Code   402  stm32f4xx_adc.o(.text)
    ADC_StructInit                           0x08004c11   Thumb Code    20  stm32f4xx_adc.o(.text)
    ADC_CommonInit                           0x08004c25   Thumb Code   342  stm32f4xx_adc.o(.text)
    ADC_CommonStructInit                     0x08004d7b   Thumb Code    12  stm32f4xx_adc.o(.text)
    ADC_Cmd                                  0x08004d87   Thumb Code    76  stm32f4xx_adc.o(.text)
    ADC_AnalogWatchdogCmd                    0x08004dd3   Thumb Code   102  stm32f4xx_adc.o(.text)
    ADC_AnalogWatchdogThresholdsConfig       0x08004e39   Thumb Code   126  stm32f4xx_adc.o(.text)
    ADC_AnalogWatchdogSingleChannelConfig    0x08004eb7   Thumb Code   136  stm32f4xx_adc.o(.text)
    ADC_TempSensorVrefintCmd                 0x08004f3f   Thumb Code    56  stm32f4xx_adc.o(.text)
    ADC_VBATCmd                              0x08004f77   Thumb Code    56  stm32f4xx_adc.o(.text)
    ADC_RegularChannelConfig                 0x08004faf   Thumb Code   408  stm32f4xx_adc.o(.text)
    ADC_SoftwareStartConv                    0x08005147   Thumb Code    44  stm32f4xx_adc.o(.text)
    ADC_GetSoftwareStartConvStatus           0x08005173   Thumb Code    54  stm32f4xx_adc.o(.text)
    ADC_EOCOnEachRegularChannelCmd           0x080051a9   Thumb Code    76  stm32f4xx_adc.o(.text)
    ADC_ContinuousModeCmd                    0x080051f5   Thumb Code    76  stm32f4xx_adc.o(.text)
    ADC_DiscModeChannelCountConfig           0x08005241   Thumb Code   100  stm32f4xx_adc.o(.text)
    ADC_DiscModeCmd                          0x080052a5   Thumb Code    76  stm32f4xx_adc.o(.text)
    ADC_GetConversionValue                   0x080052f1   Thumb Code    40  stm32f4xx_adc.o(.text)
    ADC_GetMultiModeConversionValue          0x08005319   Thumb Code     6  stm32f4xx_adc.o(.text)
    ADC_DMACmd                               0x0800531f   Thumb Code    76  stm32f4xx_adc.o(.text)
    ADC_DMARequestAfterLastTransferCmd       0x0800536b   Thumb Code    76  stm32f4xx_adc.o(.text)
    ADC_MultiModeDMARequestAfterLastTransferCmd 0x080053b7   Thumb Code    60  stm32f4xx_adc.o(.text)
    ADC_InjectedChannelConfig                0x080053f3   Thumb Code   332  stm32f4xx_adc.o(.text)
    ADC_InjectedSequencerLengthConfig        0x0800553f   Thumb Code    80  stm32f4xx_adc.o(.text)
    ADC_SetInjectedOffset                    0x0800558f   Thumb Code   102  stm32f4xx_adc.o(.text)
    ADC_ExternalTrigInjectedConvConfig       0x080055f5   Thumb Code   176  stm32f4xx_adc.o(.text)
    ADC_ExternalTrigInjectedConvEdgeConfig   0x080056a5   Thumb Code    82  stm32f4xx_adc.o(.text)
    ADC_SoftwareStartInjectedConv            0x080056f7   Thumb Code    44  stm32f4xx_adc.o(.text)
    ADC_GetSoftwareStartInjectedConvCmdStatus 0x08005723   Thumb Code    54  stm32f4xx_adc.o(.text)
    ADC_AutoInjectedConvCmd                  0x08005759   Thumb Code    76  stm32f4xx_adc.o(.text)
    ADC_InjectedDiscModeCmd                  0x080057a5   Thumb Code    76  stm32f4xx_adc.o(.text)
    ADC_GetInjectedConversionValue           0x080057f1   Thumb Code    88  stm32f4xx_adc.o(.text)
    ADC_ITConfig                             0x08005849   Thumb Code   130  stm32f4xx_adc.o(.text)
    ADC_GetFlagStatus                        0x080058cb   Thumb Code    90  stm32f4xx_adc.o(.text)
    ADC_ClearFlag                            0x08005925   Thumb Code    62  stm32f4xx_adc.o(.text)
    ADC_GetITStatus                          0x08005963   Thumb Code   122  stm32f4xx_adc.o(.text)
    ADC_ClearITPendingBit                    0x080059dd   Thumb Code    88  stm32f4xx_adc.o(.text)
    DMA_DeInit                               0x08005a45   Thumb Code   462  stm32f4xx_dma.o(.text)
    DMA_Init                                 0x08005c13   Thumb Code   684  stm32f4xx_dma.o(.text)
    DMA_StructInit                           0x08005ebf   Thumb Code    34  stm32f4xx_dma.o(.text)
    DMA_Cmd                                  0x08005ee1   Thumb Code   182  stm32f4xx_dma.o(.text)
    DMA_PeriphIncOffsetSizeConfig            0x08005f97   Thumb Code   184  stm32f4xx_dma.o(.text)
    DMA_FlowControllerConfig                 0x0800604f   Thumb Code   182  stm32f4xx_dma.o(.text)
    DMA_SetCurrDataCounter                   0x08006105   Thumb Code   146  stm32f4xx_dma.o(.text)
    DMA_GetCurrDataCounter                   0x08006197   Thumb Code   146  stm32f4xx_dma.o(.text)
    DMA_DoubleBufferModeConfig               0x08006229   Thumb Code   204  stm32f4xx_dma.o(.text)
    DMA_DoubleBufferModeCmd                  0x080062f5   Thumb Code   182  stm32f4xx_dma.o(.text)
    DMA_MemoryTargetConfig                   0x080063ab   Thumb Code   174  stm32f4xx_dma.o(.text)
    DMA_GetCurrentMemoryTarget               0x08006459   Thumb Code   160  stm32f4xx_dma.o(.text)
    DMA_GetCmdStatus                         0x080064f9   Thumb Code   160  stm32f4xx_dma.o(.text)
    DMA_GetFIFOStatus                        0x08006599   Thumb Code   152  stm32f4xx_dma.o(.text)
    DMA_GetFlagStatus                        0x08006631   Thumb Code   486  stm32f4xx_dma.o(.text)
    DMA_ClearFlag                            0x08006817   Thumb Code   216  stm32f4xx_dma.o(.text)
    DMA_ITConfig                             0x080068ef   Thumb Code   238  stm32f4xx_dma.o(.text)
    DMA_GetITStatus                          0x080069dd   Thumb Code   590  stm32f4xx_dma.o(.text)
    DMA_ClearITPendingBit                    0x08006c2b   Thumb Code   216  stm32f4xx_dma.o(.text)
    EXTI_DeInit                              0x08006dad   Thumb Code    28  stm32f4xx_exti.o(.text)
    EXTI_Init                                0x08006dc9   Thumb Code   236  stm32f4xx_exti.o(.text)
    EXTI_StructInit                          0x08006eb5   Thumb Code    16  stm32f4xx_exti.o(.text)
    EXTI_GenerateSWInterrupt                 0x08006ec5   Thumb Code    38  stm32f4xx_exti.o(.text)
    EXTI_GetFlagStatus                       0x08006eeb   Thumb Code   158  stm32f4xx_exti.o(.text)
    EXTI_ClearFlag                           0x08006f89   Thumb Code    30  stm32f4xx_exti.o(.text)
    EXTI_GetITStatus                         0x08006fa7   Thumb Code   172  stm32f4xx_exti.o(.text)
    EXTI_ClearITPendingBit                   0x08007053   Thumb Code    32  stm32f4xx_exti.o(.text)
    GPIO_DeInit                              0x08007081   Thumb Code   284  stm32f4xx_gpio.o(.text)
    GPIO_Init                                0x0800719d   Thumb Code   342  stm32f4xx_gpio.o(.text)
    GPIO_StructInit                          0x080072f3   Thumb Code    18  stm32f4xx_gpio.o(.text)
    GPIO_PinLockConfig                       0x08007305   Thumb Code   122  stm32f4xx_gpio.o(.text)
    GPIO_ReadInputDataBit                    0x0800737f   Thumb Code   182  stm32f4xx_gpio.o(.text)
    GPIO_ReadInputData                       0x08007435   Thumb Code   116  stm32f4xx_gpio.o(.text)
    GPIO_ReadOutputDataBit                   0x080074a9   Thumb Code   182  stm32f4xx_gpio.o(.text)
    GPIO_ReadOutputData                      0x0800755f   Thumb Code    76  stm32f4xx_gpio.o(.text)
    GPIO_SetBits                             0x080075ab   Thumb Code    94  stm32f4xx_gpio.o(.text)
    GPIO_ResetBits                           0x08007609   Thumb Code    94  stm32f4xx_gpio.o(.text)
    GPIO_WriteBit                            0x08007667   Thumb Code   194  stm32f4xx_gpio.o(.text)
    GPIO_Write                               0x08007729   Thumb Code    76  stm32f4xx_gpio.o(.text)
    GPIO_ToggleBits                          0x08007775   Thumb Code    80  stm32f4xx_gpio.o(.text)
    GPIO_PinAFConfig                         0x080077c5   Thumb Code   382  stm32f4xx_gpio.o(.text)
    RCC_DeInit                               0x08007949   Thumb Code    60  stm32f4xx_rcc.o(.text)
    RCC_HSEConfig                            0x08007985   Thumb Code    38  stm32f4xx_rcc.o(.text)
    RCC_GetFlagStatus                        0x080079ab   Thumb Code   130  stm32f4xx_rcc.o(.text)
    RCC_WaitForHSEStartUp                    0x08007a2d   Thumb Code    56  stm32f4xx_rcc.o(.text)
    RCC_AdjustHSICalibrationValue            0x08007a65   Thumb Code    38  stm32f4xx_rcc.o(.text)
    RCC_HSICmd                               0x08007a8b   Thumb Code    28  stm32f4xx_rcc.o(.text)
    RCC_LSEConfig                            0x08007aa7   Thumb Code    72  stm32f4xx_rcc.o(.text)
    RCC_LSICmd                               0x08007aef   Thumb Code    28  stm32f4xx_rcc.o(.text)
    RCC_PLLConfig                            0x08007b0b   Thumb Code   156  stm32f4xx_rcc.o(.text)
    RCC_PLLCmd                               0x08007ba7   Thumb Code    28  stm32f4xx_rcc.o(.text)
    RCC_PLLI2SConfig                         0x08007bc3   Thumb Code    62  stm32f4xx_rcc.o(.text)
    RCC_PLLI2SCmd                            0x08007c01   Thumb Code    28  stm32f4xx_rcc.o(.text)
    RCC_ClockSecuritySystemCmd               0x08007c1d   Thumb Code    28  stm32f4xx_rcc.o(.text)
    RCC_MCO1Config                           0x08007c39   Thumb Code   102  stm32f4xx_rcc.o(.text)
    RCC_MCO2Config                           0x08007c9f   Thumb Code   102  stm32f4xx_rcc.o(.text)
    RCC_SYSCLKConfig                         0x08007d05   Thumb Code    68  stm32f4xx_rcc.o(.text)
    RCC_GetSYSCLKSource                      0x08007d49   Thumb Code    10  stm32f4xx_rcc.o(.text)
    RCC_HCLKConfig                           0x08007d53   Thumb Code    66  stm32f4xx_rcc.o(.text)
    RCC_PCLK1Config                          0x08007d95   Thumb Code    58  stm32f4xx_rcc.o(.text)
    RCC_PCLK2Config                          0x08007dcf   Thumb Code    60  stm32f4xx_rcc.o(.text)
    RCC_GetClocksFreq                        0x08007e0b   Thumb Code   214  stm32f4xx_rcc.o(.text)
    RCC_RTCCLKConfig                         0x08007ee1   Thumb Code   260  stm32f4xx_rcc.o(.text)
    RCC_RTCCLKCmd                            0x08007fe5   Thumb Code    28  stm32f4xx_rcc.o(.text)
    RCC_BackupResetCmd                       0x08008001   Thumb Code    30  stm32f4xx_rcc.o(.text)
    RCC_I2SCLKConfig                         0x0800801f   Thumb Code    28  stm32f4xx_rcc.o(.text)
    RCC_AHB1PeriphClockCmd                   0x0800803b   Thumb Code    78  stm32f4xx_rcc.o(.text)
    RCC_AHB2PeriphClockCmd                   0x08008089   Thumb Code    78  stm32f4xx_rcc.o(.text)
    RCC_AHB3PeriphClockCmd                   0x080080d7   Thumb Code   234  stm32f4xx_rcc.o(.text)
    RCC_APB1PeriphClockCmd                   0x080081c1   Thumb Code    70  stm32f4xx_rcc.o(.text)
    RCC_APB2PeriphClockCmd                   0x08008207   Thumb Code    78  stm32f4xx_rcc.o(.text)
    RCC_AHB1PeriphResetCmd                   0x08008255   Thumb Code    78  stm32f4xx_rcc.o(.text)
    RCC_AHB2PeriphResetCmd                   0x080082a3   Thumb Code    78  stm32f4xx_rcc.o(.text)
    RCC_AHB3PeriphResetCmd                   0x080082f1   Thumb Code    78  stm32f4xx_rcc.o(.text)
    RCC_APB1PeriphResetCmd                   0x0800833f   Thumb Code    78  stm32f4xx_rcc.o(.text)
    RCC_APB2PeriphResetCmd                   0x0800838d   Thumb Code    78  stm32f4xx_rcc.o(.text)
    RCC_AHB1PeriphClockLPModeCmd             0x080083db   Thumb Code    78  stm32f4xx_rcc.o(.text)
    RCC_AHB2PeriphClockLPModeCmd             0x08008429   Thumb Code    78  stm32f4xx_rcc.o(.text)
    RCC_AHB3PeriphClockLPModeCmd             0x08008477   Thumb Code    78  stm32f4xx_rcc.o(.text)
    RCC_APB1PeriphClockLPModeCmd             0x080084c5   Thumb Code    78  stm32f4xx_rcc.o(.text)
    RCC_APB2PeriphClockLPModeCmd             0x08008513   Thumb Code    78  stm32f4xx_rcc.o(.text)
    RCC_ITConfig                             0x08008561   Thumb Code   108  stm32f4xx_rcc.o(.text)
    RCC_ClearFlag                            0x080085cd   Thumb Code    14  stm32f4xx_rcc.o(.text)
    RCC_GetITStatus                          0x080085db   Thumb Code    66  stm32f4xx_rcc.o(.text)
    RCC_ClearITPendingBit                    0x0800861d   Thumb Code    32  stm32f4xx_rcc.o(.text)
    TIM_DeInit                               0x08008645   Thumb Code   440  stm32f4xx_tim.o(.text)
    TIM_TimeBaseInit                         0x080087fd   Thumb Code   278  stm32f4xx_tim.o(.text)
    TIM_TimeBaseStructInit                   0x08008913   Thumb Code    18  stm32f4xx_tim.o(.text)
    TIM_PrescalerConfig                      0x08008925   Thumb Code   128  stm32f4xx_tim.o(.text)
    TIM_CounterModeConfig                    0x080089a5   Thumb Code   100  stm32f4xx_tim.o(.text)
    TIM_SetCounter                           0x08008a09   Thumb Code   164  stm32f4xx_tim.o(.text)
    TIM_SetAutoreload                        0x08008aad   Thumb Code   106  stm32f4xx_tim.o(.text)
    TIM_GetCounter                           0x08008b17   Thumb Code   104  stm32f4xx_tim.o(.text)
    TIM_GetPrescaler                         0x08008b7f   Thumb Code   104  stm32f4xx_tim.o(.text)
    TIM_UpdateDisableConfig                  0x08008be7   Thumb Code   144  stm32f4xx_tim.o(.text)
    TIM_UpdateRequestConfig                  0x08008c77   Thumb Code   144  stm32f4xx_tim.o(.text)
    TIM_ARRPreloadConfig                     0x08008d07   Thumb Code   144  stm32f4xx_tim.o(.text)
    TIM_SelectOnePulseMode                   0x08008d97   Thumb Code   138  stm32f4xx_tim.o(.text)
    TIM_SetClockDivision                     0x08008e21   Thumb Code   190  stm32f4xx_tim.o(.text)
    TIM_Cmd                                  0x08008edf   Thumb Code   144  stm32f4xx_tim.o(.text)
    TIM_OC1Init                              0x08008f6f   Thumb Code   400  stm32f4xx_tim.o(.text)
    TIM_OC2Init                              0x080090ff   Thumb Code   474  stm32f4xx_tim.o(.text)
    TIM_OC3Init                              0x080092d9   Thumb Code   400  stm32f4xx_tim.o(.text)
    TIM_OC4Init                              0x08009469   Thumb Code   290  stm32f4xx_tim.o(.text)
    TIM_OCStructInit                         0x0800958b   Thumb Code    20  stm32f4xx_tim.o(.text)
    TIM_SelectOCxM                           0x0800959f   Thumb Code   250  stm32f4xx_tim.o(.text)
    TIM_SetCompare1                          0x08009699   Thumb Code   144  stm32f4xx_tim.o(.text)
    TIM_SetCompare2                          0x08009729   Thumb Code    70  stm32f4xx_tim.o(.text)
    TIM_SetCompare3                          0x0800976f   Thumb Code    58  stm32f4xx_tim.o(.text)
    TIM_SetCompare4                          0x080097a9   Thumb Code    58  stm32f4xx_tim.o(.text)
    TIM_ForcedOC1Config                      0x080097e3   Thumb Code   126  stm32f4xx_tim.o(.text)
    TIM_ForcedOC2Config                      0x08009861   Thumb Code   110  stm32f4xx_tim.o(.text)
    TIM_ForcedOC3Config                      0x080098cf   Thumb Code    90  stm32f4xx_tim.o(.text)
    TIM_ForcedOC4Config                      0x08009929   Thumb Code    98  stm32f4xx_tim.o(.text)
    TIM_OC1PreloadConfig                     0x0800998b   Thumb Code   124  stm32f4xx_tim.o(.text)
    TIM_OC2PreloadConfig                     0x08009a07   Thumb Code   108  stm32f4xx_tim.o(.text)
    TIM_OC3PreloadConfig                     0x08009a73   Thumb Code    88  stm32f4xx_tim.o(.text)
    TIM_OC4PreloadConfig                     0x08009acb   Thumb Code   146  stm32f4xx_tim.o(.text)
    TIM_OC1FastConfig                        0x08009b5d   Thumb Code   124  stm32f4xx_tim.o(.text)
    TIM_OC2FastConfig                        0x08009bd9   Thumb Code   108  stm32f4xx_tim.o(.text)
    TIM_OC3FastConfig                        0x08009c45   Thumb Code    88  stm32f4xx_tim.o(.text)
    TIM_OC4FastConfig                        0x08009c9d   Thumb Code    96  stm32f4xx_tim.o(.text)
    TIM_ClearOC1Ref                          0x08009cfd   Thumb Code   124  stm32f4xx_tim.o(.text)
    TIM_ClearOC2Ref                          0x08009d79   Thumb Code   106  stm32f4xx_tim.o(.text)
    TIM_ClearOC3Ref                          0x08009de3   Thumb Code    88  stm32f4xx_tim.o(.text)
    TIM_ClearOC4Ref                          0x08009e3b   Thumb Code    94  stm32f4xx_tim.o(.text)
    TIM_OC1PolarityConfig                    0x08009e99   Thumb Code   124  stm32f4xx_tim.o(.text)
    TIM_OC1NPolarityConfig                   0x08009f15   Thumb Code   114  stm32f4xx_tim.o(.text)
    TIM_OC2PolarityConfig                    0x08009f87   Thumb Code   108  stm32f4xx_tim.o(.text)
    TIM_OC2NPolarityConfig                   0x08009ff3   Thumb Code    72  stm32f4xx_tim.o(.text)
    TIM_OC3PolarityConfig                    0x0800a03b   Thumb Code    96  stm32f4xx_tim.o(.text)
    TIM_OC3NPolarityConfig                   0x0800a09b   Thumb Code    72  stm32f4xx_tim.o(.text)
    TIM_OC4PolarityConfig                    0x0800a0e3   Thumb Code    96  stm32f4xx_tim.o(.text)
    TIM_CCxCmd                               0x0800a143   Thumb Code   168  stm32f4xx_tim.o(.text)
    TIM_CCxNCmd                              0x0800a1eb   Thumb Code   104  stm32f4xx_tim.o(.text)
    TIM_SetIC4Prescaler                      0x0800a253   Thumb Code   106  stm32f4xx_tim.o(.text)
    TIM_SetIC3Prescaler                      0x0800a30d   Thumb Code   148  stm32f4xx_tim.o(.text)
    TIM_SetIC2Prescaler                      0x0800a3e9   Thumb Code   118  stm32f4xx_tim.o(.text)
    TIM_SetIC1Prescaler                      0x0800a4af   Thumb Code   134  stm32f4xx_tim.o(.text)
    TIM_ICInit                               0x0800a56f   Thumb Code   460  stm32f4xx_tim.o(.text)
    TIM_ICStructInit                         0x0800a73b   Thumb Code    18  stm32f4xx_tim.o(.text)
    TIM_PWMIConfig                           0x0800a74d   Thumb Code   234  stm32f4xx_tim.o(.text)
    TIM_GetCapture1                          0x0800a837   Thumb Code    92  stm32f4xx_tim.o(.text)
    TIM_GetCapture2                          0x0800a893   Thumb Code    68  stm32f4xx_tim.o(.text)
    TIM_GetCapture3                          0x0800a8d7   Thumb Code    56  stm32f4xx_tim.o(.text)
    TIM_GetCapture4                          0x0800a90f   Thumb Code    56  stm32f4xx_tim.o(.text)
    TIM_BDTRConfig                           0x0800a947   Thumb Code   222  stm32f4xx_tim.o(.text)
    TIM_BDTRStructInit                       0x0800aa25   Thumb Code    18  stm32f4xx_tim.o(.text)
    TIM_CtrlPWMOutputs                       0x0800aa37   Thumb Code    78  stm32f4xx_tim.o(.text)
    TIM_SelectCOM                            0x0800aa85   Thumb Code    72  stm32f4xx_tim.o(.text)
    TIM_CCPreloadControl                     0x0800aacd   Thumb Code    72  stm32f4xx_tim.o(.text)
    TIM_ITConfig                             0x0800ab15   Thumb Code   216  stm32f4xx_tim.o(.text)
    TIM_GenerateEvent                        0x0800abed   Thumb Code   126  stm32f4xx_tim.o(.text)
    TIM_GetFlagStatus                        0x0800ac6b   Thumb Code   188  stm32f4xx_tim.o(.text)
    TIM_ClearFlag                            0x0800ad27   Thumb Code   108  stm32f4xx_tim.o(.text)
    TIM_GetITStatus                          0x0800ad93   Thumb Code   186  stm32f4xx_tim.o(.text)
    TIM_ClearITPendingBit                    0x0800ae4d   Thumb Code   108  stm32f4xx_tim.o(.text)
    TIM_DMAConfig                            0x0800aeb9   Thumb Code   328  stm32f4xx_tim.o(.text)
    TIM_DMACmd                               0x0800b001   Thumb Code   126  stm32f4xx_tim.o(.text)
    TIM_SelectCCDMA                          0x0800b07f   Thumb Code    96  stm32f4xx_tim.o(.text)
    TIM_InternalClockConfig                  0x0800b0df   Thumb Code    76  stm32f4xx_tim.o(.text)
    TIM_SelectInputTrigger                   0x0800b12b   Thumb Code   148  stm32f4xx_tim.o(.text)
    TIM_ITRxExternalClockConfig              0x0800b1bf   Thumb Code   110  stm32f4xx_tim.o(.text)
    TIM_TIxExternalClockConfig               0x0800b22d   Thumb Code   184  stm32f4xx_tim.o(.text)
    TIM_ETRConfig                            0x0800b2e5   Thumb Code   164  stm32f4xx_tim.o(.text)
    TIM_ETRClockMode1Config                  0x0800b389   Thumb Code   228  stm32f4xx_tim.o(.text)
    TIM_ETRClockMode2Config                  0x0800b46d   Thumb Code   152  stm32f4xx_tim.o(.text)
    TIM_SelectOutputTrigger                  0x0800b505   Thumb Code   126  stm32f4xx_tim.o(.text)
    TIM_SelectSlaveMode                      0x0800b583   Thumb Code   112  stm32f4xx_tim.o(.text)
    TIM_SelectMasterSlaveMode                0x0800b5f3   Thumb Code   102  stm32f4xx_tim.o(.text)
    TIM_EncoderInterfaceConfig               0x0800b659   Thumb Code   226  stm32f4xx_tim.o(.text)
    TIM_SelectHallSensor                     0x0800b73b   Thumb Code   108  stm32f4xx_tim.o(.text)
    TIM_RemapConfig                          0x0800b7a7   Thumb Code   138  stm32f4xx_tim.o(.text)
    USART_DeInit                             0x0800b831   Thumb Code   202  stm32f4xx_usart.o(.text)
    USART_Init                               0x0800b8fb   Thumb Code   456  stm32f4xx_usart.o(.text)
    USART_StructInit                         0x0800bac3   Thumb Code    24  stm32f4xx_usart.o(.text)
    USART_ClockInit                          0x0800badb   Thumb Code   166  stm32f4xx_usart.o(.text)
    USART_ClockStructInit                    0x0800bb81   Thumb Code    12  stm32f4xx_usart.o(.text)
    USART_Cmd                                0x0800bb8d   Thumb Code    96  stm32f4xx_usart.o(.text)
    USART_SetPrescaler                       0x0800bbed   Thumb Code   102  stm32f4xx_usart.o(.text)
    USART_OverSampling8Cmd                   0x0800bc53   Thumb Code    94  stm32f4xx_usart.o(.text)
    USART_OneBitMethodCmd                    0x0800bcb1   Thumb Code    96  stm32f4xx_usart.o(.text)
    USART_SendData                           0x0800bd11   Thumb Code    80  stm32f4xx_usart.o(.text)
    USART_ReceiveData                        0x0800bd61   Thumb Code    60  stm32f4xx_usart.o(.text)
    USART_SetAddress                         0x0800bd9d   Thumb Code    88  stm32f4xx_usart.o(.text)
    USART_ReceiverWakeUpCmd                  0x0800bdf5   Thumb Code    96  stm32f4xx_usart.o(.text)
    USART_WakeUpConfig                       0x0800be55   Thumb Code    92  stm32f4xx_usart.o(.text)
    USART_LINBreakDetectLengthConfig         0x0800beb1   Thumb Code    90  stm32f4xx_usart.o(.text)
    USART_LINCmd                             0x0800bf0b   Thumb Code    96  stm32f4xx_usart.o(.text)
    USART_SendBreak                          0x0800bf6b   Thumb Code    62  stm32f4xx_usart.o(.text)
    USART_HalfDuplexCmd                      0x0800bfa9   Thumb Code    96  stm32f4xx_usart.o(.text)
    USART_SetGuardTime                       0x0800c009   Thumb Code    86  stm32f4xx_usart.o(.text)
    USART_SmartCardCmd                       0x0800c05f   Thumb Code    84  stm32f4xx_usart.o(.text)
    USART_SmartCardNACKCmd                   0x0800c0b3   Thumb Code    84  stm32f4xx_usart.o(.text)
    USART_IrDAConfig                         0x0800c107   Thumb Code    90  stm32f4xx_usart.o(.text)
    USART_IrDACmd                            0x0800c161   Thumb Code    96  stm32f4xx_usart.o(.text)
    USART_DMACmd                             0x0800c1c1   Thumb Code   114  stm32f4xx_usart.o(.text)
    USART_ITConfig                           0x0800c233   Thumb Code   260  stm32f4xx_usart.o(.text)
    USART_GetFlagStatus                      0x0800c337   Thumb Code   170  stm32f4xx_usart.o(.text)
    USART_ClearFlag                          0x0800c3e1   Thumb Code   158  stm32f4xx_usart.o(.text)
    USART_GetITStatus                        0x0800c47f   Thumb Code   278  stm32f4xx_usart.o(.text)
    USART_ClearITPendingBit                  0x0800c595   Thumb Code   164  stm32f4xx_usart.o(.text)
    __aeabi_dadd                             0x0800c655   Thumb Code   322  dadd.o(.text)
    __aeabi_dsub                             0x0800c797   Thumb Code     6  dadd.o(.text)
    __aeabi_drsub                            0x0800c79d   Thumb Code     6  dadd.o(.text)
    __aeabi_dmul                             0x0800c7a3   Thumb Code   228  dmul.o(.text)
    __aeabi_i2d                              0x0800c887   Thumb Code    34  dflti.o(.text)
    __aeabi_cdcmpeq                          0x0800c8a9   Thumb Code     0  cdcmple.o(.text)
    __aeabi_cdcmple                          0x0800c8a9   Thumb Code    48  cdcmple.o(.text)
    __aeabi_cdrcmple                         0x0800c8d9   Thumb Code    48  cdrcmple.o(.text)
    __aeabi_d2f                              0x0800c909   Thumb Code    56  d2f.o(.text)
    __aeabi_llsl                             0x0800c941   Thumb Code    30  llshl.o(.text)
    _ll_shift_l                              0x0800c941   Thumb Code     0  llshl.o(.text)
    __aeabi_lasr                             0x0800c95f   Thumb Code    36  llsshr.o(.text)
    _ll_sshift_r                             0x0800c95f   Thumb Code     0  llsshr.o(.text)
    __I$use$fp                               0x0800c983   Thumb Code     0  iusefp.o(.text)
    _float_round                             0x0800c983   Thumb Code    18  fepilogue.o(.text)
    _float_epilogue                          0x0800c995   Thumb Code    92  fepilogue.o(.text)
    _double_round                            0x0800c9f1   Thumb Code    30  depilogue.o(.text)
    _double_epilogue                         0x0800ca0f   Thumb Code   156  depilogue.o(.text)
    __scatterload                            0x0800caad   Thumb Code    28  init.o(.text)
    __scatterload_rt2                        0x0800caad   Thumb Code     0  init.o(.text)
    __aeabi_llsr                             0x0800cad1   Thumb Code    32  llushr.o(.text)
    _ll_ushift_r                             0x0800cad1   Thumb Code     0  llushr.o(.text)
    __decompress                             0x0800caf1   Thumb Code     0  __dczerorl2.o(.text)
    __decompress1                            0x0800caf1   Thumb Code    86  __dczerorl2.o(.text)
    __scatterload_copy                       0x0800cb47   Thumb Code    14  handlers.o(i.__scatterload_copy)
    __scatterload_null                       0x0800cb55   Thumb Code     2  handlers.o(i.__scatterload_null)
    __scatterload_zeroinit                   0x0800cb57   Thumb Code    14  handlers.o(i.__scatterload_zeroinit)
    fast_atan_table                          0x0800cb64   Data        1028  ano_math.o(.constdata)
    Region$$Table$$Base                      0x0800d1fc   Number         0  anon$$obj.o(Region$$Table)
    Region$$Table$$Limit                     0x0800d21c   Number         0  anon$$obj.o(Region$$Table)
    fc_condition                             0x20000078   Data           1  ano_dt_lx.o(.data)
    turn_count                               0x20000079   Data           1  ano_dt_lx.o(.data)
    tempcount                                0x2000007a   Data           2  ano_dt_lx.o(.data)
    fc_bat                                   0x20000082   Data           4  ano_lx.o(.data)
    fc_att                                   0x20000086   Data           7  ano_lx.o(.data)
    fc_vel                                   0x2000008d   Data           6  ano_lx.o(.data)
    sti_fun                                  0x200000a6   Data           2  lx_fc_state.o(.data)
    pvt_receive_updata                       0x200000c2   Data           1  drv_ubloxgps.o(.data)
    fre_test_cnt                             0x200000c4   Data           2  drv_ubloxgps.o(.data)
    Period_Out_H                             0x200000c6   Data          14  drv_ubloxgps.o(.data)
    Period_Out_L                             0x200000d4   Data          14  drv_ubloxgps.o(.data)
    Pulse_Period                             0x200000e2   Data          28  drv_ubloxgps.o(.data)
    Baud115200                               0x200000fe   Data          28  drv_ubloxgps.o(.data)
    Save_Con                                 0x2000011a   Data          21  drv_ubloxgps.o(.data)
    POLLSH_SET                               0x2000012f   Data          11  drv_ubloxgps.o(.data)
    SOL_SET                                  0x2000013a   Data          11  drv_ubloxgps.o(.data)
    VELNED_SET                               0x20000145   Data          11  drv_ubloxgps.o(.data)
    TIMEUTC_SET                              0x20000150   Data          11  drv_ubloxgps.o(.data)
    DOP_SET                                  0x2000015b   Data          11  drv_ubloxgps.o(.data)
    PVT_SET                                  0x20000166   Data          11  drv_ubloxgps.o(.data)
    pvt_recerve_ok_cnt                       0x20000176   Data           1  drv_ubloxgps.o(.data)
    led                                      0x20000180   Data           4  drv_led.o(.data)
    g_openmv_line_state                      0x20000190   Data           1  drv_uart.o(.data)
    g_openmv_next_direction                  0x20000191   Data           1  drv_uart.o(.data)
    g_openmv_cross_flag                      0x20000192   Data           1  drv_uart.o(.data)
    g_openmv_angle                           0x20000194   Data           2  drv_uart.o(.data)
    g_openmv_cross_x                         0x20000196   Data           2  drv_uart.o(.data)
    g_openmv_cross_y                         0x20000198   Data           2  drv_uart.o(.data)
    g_openmv_red_count                       0x2000019a   Data           1  drv_uart.o(.data)
    g_openmv_blue_count                      0x2000019b   Data           1  drv_uart.o(.data)
    g_openmv_green_count                     0x2000019c   Data           1  drv_uart.o(.data)
    _WeHaveGotOpenMvOneFrame                 0x2000019d   Data           1  drv_uart.o(.data)
    Tx1Counter                               0x2000019e   Data           1  drv_uart.o(.data)
    count1                                   0x2000019f   Data           1  drv_uart.o(.data)
    U1RxInCnt                                0x200001a0   Data           1  drv_uart.o(.data)
    U1RxoutCnt                               0x200001a1   Data           1  drv_uart.o(.data)
    TxCounter                                0x200001a2   Data           1  drv_uart.o(.data)
    count                                    0x200001a3   Data           1  drv_uart.o(.data)
    U2RxInCnt                                0x200001a4   Data           1  drv_uart.o(.data)
    U2RxoutCnt                               0x200001a5   Data           1  drv_uart.o(.data)
    Tx3Counter                               0x200001a6   Data           1  drv_uart.o(.data)
    count3                                   0x200001a7   Data           1  drv_uart.o(.data)
    U3RxInCnt                                0x200001a8   Data           1  drv_uart.o(.data)
    U3RxoutCnt                               0x200001a9   Data           1  drv_uart.o(.data)
    Tx4Counter                               0x200001aa   Data           1  drv_uart.o(.data)
    count4                                   0x200001ab   Data           1  drv_uart.o(.data)
    U4RxInCnt                                0x200001ac   Data           1  drv_uart.o(.data)
    U4RxoutCnt                               0x200001ad   Data           1  drv_uart.o(.data)
    Tx5Counter                               0x200001ae   Data           1  drv_uart.o(.data)
    count5                                   0x200001af   Data           1  drv_uart.o(.data)
    U5RxInCnt                                0x200001b0   Data           1  drv_uart.o(.data)
    U5RxoutCnt                               0x200001b1   Data           1  drv_uart.o(.data)
    SystemCoreClock                          0x200001b8   Data           4  system_stm32f4xx.o(.data)
    AHBPrescTable                            0x200001bc   Data          16  system_stm32f4xx.o(.data)
    send_buffer                              0x200001dc   Data          50  ano_dt_lx.o(.bss)
    dt                                       0x20000210   Data        1564  ano_dt_lx.o(.bss)
    rt_tar                                   0x2000092c   Data          14  ano_lx.o(.bss)
    pwm_to_esc                               0x2000093a   Data          16  ano_lx.o(.bss)
    fc_att_qua                               0x2000094a   Data           9  ano_lx.o(.bss)
    ext_sens                                 0x20000964   Data          48  lx_fc_ext_sensor.o(.bss)
    fc_sta                                   0x20000994   Data          11  lx_fc_state.o(.bss)
    rc_in                                    0x200009a0   Data          82  drv_bsp.o(.bss)
    ano_of                                   0x20000a0c   Data          60  drv_anoof.o(.bss)
    ubx                                      0x20000a88   Data         100  drv_ubloxgps.o(.bss)
    AdcValue                                 0x20000aec   Data         100  drv_adc.o(.bss)
    Tx1Buffer                                0x20000b50   Data         256  drv_uart.o(.bss)
    U1RxDataTmp                              0x20000c50   Data         100  drv_uart.o(.bss)
    TxBuffer                                 0x20000cb4   Data         256  drv_uart.o(.bss)
    U2RxDataTmp                              0x20000db4   Data         100  drv_uart.o(.bss)
    Tx3Buffer                                0x20000e18   Data         256  drv_uart.o(.bss)
    U3RxDataTmp                              0x20000f18   Data         100  drv_uart.o(.bss)
    _OpenMV_datatemp                         0x20000f7c   Data          50  drv_uart.o(.bss)
    Tx4Buffer                                0x20000fae   Data         256  drv_uart.o(.bss)
    U4RxDataTmp                              0x200010ae   Data         100  drv_uart.o(.bss)
    Tx5Buffer                                0x20001112   Data         256  drv_uart.o(.bss)
    U5RxDataTmp                              0x20001212   Data         100  drv_uart.o(.bss)
    __initial_sp                             0x20001a78   Data           0  startup_stm32f4xx.o(STACK)



==============================================================================

Memory Map of the image

  Image Entry point : 0x08000189

  Load Region LR_IROM1 (Base: 0x08000000, Size: 0x0000d3f8, Max: 0x00100000, ABSOLUTE, COMPRESSED[0x0000d2d0])

    Execution Region ER_IROM1 (Exec base: 0x08000000, Load base: 0x08000000, Size: 0x0000d21c, Max: 0x00100000, ABSOLUTE)

    Exec Addr    Load Addr    Size         Type   Attr      Idx    E Section Name        Object

    0x08000000   0x08000000   0x00000188   Data   RO          709    RESET               startup_stm32f4xx.o
    0x08000188   0x08000188   0x00000000   Code   RO          908  * .ARM.Collect$$$$00000000  mc_w.l(entry.o)
    0x08000188   0x08000188   0x00000004   Code   RO          923    .ARM.Collect$$$$00000001  mc_w.l(entry2.o)
    0x0800018c   0x0800018c   0x00000004   Code   RO          926    .ARM.Collect$$$$00000004  mc_w.l(entry5.o)
    0x08000190   0x08000190   0x00000000   Code   RO          928    .ARM.Collect$$$$00000008  mc_w.l(entry7b.o)
    0x08000190   0x08000190   0x00000000   Code   RO          930    .ARM.Collect$$$$0000000A  mc_w.l(entry8b.o)
    0x08000190   0x08000190   0x00000008   Code   RO          931    .ARM.Collect$$$$0000000B  mc_w.l(entry9a.o)
    0x08000198   0x08000198   0x00000004   Code   RO          938    .ARM.Collect$$$$0000000E  mc_w.l(entry12b.o)
    0x0800019c   0x0800019c   0x00000000   Code   RO          933    .ARM.Collect$$$$0000000F  mc_w.l(entry10a.o)
    0x0800019c   0x0800019c   0x00000000   Code   RO          935    .ARM.Collect$$$$00000011  mc_w.l(entry11a.o)
    0x0800019c   0x0800019c   0x00000004   Code   RO          924    .ARM.Collect$$$$00002712  mc_w.l(entry2.o)
    0x080001a0   0x080001a0   0x00000014   Code   RO            2    .text               main.o
    0x080001b4   0x080001b4   0x000000b0   Code   RO          112    .text               ano_scheduler.o
    0x08000264   0x08000264   0x0000053c   Code   RO          137    .text               user_task.o
    0x080007a0   0x080007a0   0x00000834   Code   RO          253    .text               ano_dt_lx.o
    0x08000fd4   0x08000fd4   0x000004fc   Code   RO          293    .text               ano_lx.o
    0x080014d0   0x080014d0   0x000000e4   Code   RO          362    .text               lx_fc_ext_sensor.o
    0x080015b4   0x080015b4   0x00000400   Code   RO          385    .text               lx_fc_fun.o
    0x080019b4   0x080019b4   0x00000284   Code   RO          402    .text               lx_fc_state.o
    0x08001c38   0x08001c38   0x000004d4   Code   RO          425    .text               drv_bsp.o
    0x0800210c   0x0800210c   0x0000087c   Code   RO          451    .text               ano_math.o
    0x08002988   0x08002988   0x00000340   Code   RO          473    .text               drv_anoof.o
    0x08002cc8   0x08002cc8   0x000003a8   Code   RO          496    .text               drv_ubloxgps.o
    0x08003070   0x08003070   0x0000007c   Code   RO          516    .text               stm32f4xx_it.o
    0x080030ec   0x080030ec   0x00000108   Code   RO          532    .text               drv_sys.o
    0x080031f4   0x080031f4   0x00000194   Code   RO          560    .text               drv_adc.o
    0x08003388   0x08003388   0x0000011c   Code   RO          582    .text               drv_led.o
    0x080034a4   0x080034a4   0x0000037c   Code   RO          604    .text               drv_pwmout.o
    0x08003820   0x08003820   0x000001e4   Code   RO          620    .text               drv_rcin.o
    0x08003a04   0x08003a04   0x0000008c   Code   RO          637    .text               drv_timer.o
    0x08003a90   0x08003a90   0x00000be4   Code   RO          657    .text               drv_uart.o
    0x08004674   0x08004674   0x00000024   Code   RO          710    .text               startup_stm32f4xx.o
    0x08004698   0x08004698   0x00000210   Code   RO          715    .text               system_stm32f4xx.o
    0x080048a8   0x080048a8   0x000001c0   Code   RO          737    .text               misc.o
    0x08004a68   0x08004a68   0x00000fdc   Code   RO          754    .text               stm32f4xx_adc.o
    0x08005a44   0x08005a44   0x00001368   Code   RO          771    .text               stm32f4xx_dma.o
    0x08006dac   0x08006dac   0x000002d4   Code   RO          788    .text               stm32f4xx_exti.o
    0x08007080   0x08007080   0x000008c8   Code   RO          822    .text               stm32f4xx_gpio.o
    0x08007948   0x08007948   0x00000cfc   Code   RO          839    .text               stm32f4xx_rcc.o
    0x08008644   0x08008644   0x000031ec   Code   RO          875    .text               stm32f4xx_tim.o
    0x0800b830   0x0800b830   0x00000e24   Code   RO          892    .text               stm32f4xx_usart.o
    0x0800c654   0x0800c654   0x0000014e   Code   RO          911    .text               mf_w.l(dadd.o)
    0x0800c7a2   0x0800c7a2   0x000000e4   Code   RO          913    .text               mf_w.l(dmul.o)
    0x0800c886   0x0800c886   0x00000022   Code   RO          915    .text               mf_w.l(dflti.o)
    0x0800c8a8   0x0800c8a8   0x00000030   Code   RO          917    .text               mf_w.l(cdcmple.o)
    0x0800c8d8   0x0800c8d8   0x00000030   Code   RO          919    .text               mf_w.l(cdrcmple.o)
    0x0800c908   0x0800c908   0x00000038   Code   RO          921    .text               mf_w.l(d2f.o)
    0x0800c940   0x0800c940   0x0000001e   Code   RO          939    .text               mc_w.l(llshl.o)
    0x0800c95e   0x0800c95e   0x00000024   Code   RO          941    .text               mc_w.l(llsshr.o)
    0x0800c982   0x0800c982   0x00000000   Code   RO          943    .text               mc_w.l(iusefp.o)
    0x0800c982   0x0800c982   0x0000006e   Code   RO          944    .text               mf_w.l(fepilogue.o)
    0x0800c9f0   0x0800c9f0   0x000000ba   Code   RO          946    .text               mf_w.l(depilogue.o)
    0x0800caaa   0x0800caaa   0x00000002   PAD
    0x0800caac   0x0800caac   0x00000024   Code   RO          948    .text               mc_w.l(init.o)
    0x0800cad0   0x0800cad0   0x00000020   Code   RO          950    .text               mc_w.l(llushr.o)
    0x0800caf0   0x0800caf0   0x00000056   Code   RO          960    .text               mc_w.l(__dczerorl2.o)
    0x0800cb46   0x0800cb46   0x0000000e   Code   RO          954    i.__scatterload_copy  mc_w.l(handlers.o)
    0x0800cb54   0x0800cb54   0x00000002   Code   RO          955    i.__scatterload_null  mc_w.l(handlers.o)
    0x0800cb56   0x0800cb56   0x0000000e   Code   RO          956    i.__scatterload_zeroinit  mc_w.l(handlers.o)
    0x0800cb64   0x0800cb64   0x00000404   Data   RO          452    .constdata          ano_math.o
    0x0800cf68   0x0800cf68   0x00000048   Data   RO          738    .conststring        misc.o
    0x0800cfb0   0x0800cfb0   0x00000051   Data   RO          755    .conststring        stm32f4xx_adc.o
    0x0800d001   0x0800d001   0x00000003   PAD
    0x0800d004   0x0800d004   0x00000051   Data   RO          772    .conststring        stm32f4xx_dma.o
    0x0800d055   0x0800d055   0x00000003   PAD
    0x0800d058   0x0800d058   0x00000052   Data   RO          789    .conststring        stm32f4xx_exti.o
    0x0800d0aa   0x0800d0aa   0x00000002   PAD
    0x0800d0ac   0x0800d0ac   0x00000052   Data   RO          823    .conststring        stm32f4xx_gpio.o
    0x0800d0fe   0x0800d0fe   0x00000002   PAD
    0x0800d100   0x0800d100   0x00000051   Data   RO          840    .conststring        stm32f4xx_rcc.o
    0x0800d151   0x0800d151   0x00000003   PAD
    0x0800d154   0x0800d154   0x00000051   Data   RO          876    .conststring        stm32f4xx_tim.o
    0x0800d1a5   0x0800d1a5   0x00000003   PAD
    0x0800d1a8   0x0800d1a8   0x00000053   Data   RO          893    .conststring        stm32f4xx_usart.o
    0x0800d1fb   0x0800d1fb   0x00000001   PAD
    0x0800d1fc   0x0800d1fc   0x00000020   Data   RO          952    Region$$Table       anon$$obj.o


    Execution Region RW_IRAM1 (Exec base: 0x20000000, Load base: 0x0800d21c, Size: 0x00001a78, Max: 0x00020000, ABSOLUTE, COMPRESSED[0x000000b4])

    Exec Addr    Load Addr    Size         Type   Attr      Idx    E Section Name        Object

    0x20000000   COMPRESSED   0x00000054   Data   RW          113    .data               ano_scheduler.o
    0x20000054   COMPRESSED   0x00000023   Data   RW          138    .data               user_task.o
    0x20000077   COMPRESSED   0x00000001   PAD
    0x20000078   COMPRESSED   0x0000000a   Data   RW          255    .data               ano_dt_lx.o
    0x20000082   COMPRESSED   0x0000001e   Data   RW          295    .data               ano_lx.o
    0x200000a0   COMPRESSED   0x00000004   Data   RW          364    .data               lx_fc_ext_sensor.o
    0x200000a4   COMPRESSED   0x00000001   Data   RW          386    .data               lx_fc_fun.o
    0x200000a5   COMPRESSED   0x00000001   PAD
    0x200000a6   COMPRESSED   0x00000006   Data   RW          404    .data               lx_fc_state.o
    0x200000ac   COMPRESSED   0x00000013   Data   RW          427    .data               drv_bsp.o
    0x200000bf   COMPRESSED   0x00000003   Data   RW          475    .data               drv_anoof.o
    0x200000c2   COMPRESSED   0x000000b6   Data   RW          498    .data               drv_ubloxgps.o
    0x20000178   COMPRESSED   0x00000008   Data   RW          533    .data               drv_sys.o
    0x20000180   COMPRESSED   0x0000000c   Data   RW          583    .data               drv_led.o
    0x2000018c   COMPRESSED   0x00000004   Data   RW          621    .data               drv_rcin.o
    0x20000190   COMPRESSED   0x00000025   Data   RW          659    .data               drv_uart.o
    0x200001b5   COMPRESSED   0x00000003   PAD
    0x200001b8   COMPRESSED   0x00000014   Data   RW          716    .data               system_stm32f4xx.o
    0x200001cc   COMPRESSED   0x00000010   Data   RW          841    .data               stm32f4xx_rcc.o
    0x200001dc        -       0x00000750   Zero   RW          254    .bss                ano_dt_lx.o
    0x2000092c        -       0x00000038   Zero   RW          294    .bss                ano_lx.o
    0x20000964        -       0x00000030   Zero   RW          363    .bss                lx_fc_ext_sensor.o
    0x20000994        -       0x0000000b   Zero   RW          403    .bss                lx_fc_state.o
    0x2000099f   COMPRESSED   0x00000001   PAD
    0x200009a0        -       0x0000006b   Zero   RW          426    .bss                drv_bsp.o
    0x20000a0b   COMPRESSED   0x00000001   PAD
    0x20000a0c        -       0x0000007c   Zero   RW          474    .bss                drv_anoof.o
    0x20000a88        -       0x00000064   Zero   RW          497    .bss                drv_ubloxgps.o
    0x20000aec        -       0x00000064   Zero   RW          561    .bss                drv_adc.o
    0x20000b50        -       0x00000726   Zero   RW          658    .bss                drv_uart.o
    0x20001276   COMPRESSED   0x00000002   PAD
    0x20001278        -       0x00000800   Zero   RW          707    STACK               startup_stm32f4xx.o


==============================================================================

Image component sizes


      Code (inc. data)   RO Data    RW Data    ZI Data      Debug   Object Name

      2100        102          0         10       1872       6792   ano_dt_lx.o
      1276        104          0         30         56       5422   ano_lx.o
      2172        142       1028          0          0       7782   ano_math.o
       176          4          0         84          0       1988   ano_scheduler.o
       404         36          0          0        100       1909   drv_adc.o
       832         36          0          3        124       3110   drv_anoof.o
      1236         62          0         19        107       3590   drv_bsp.o
       284         12          0         12          0       2530   drv_led.o
       892         38          0          0          0       1835   drv_pwmout.o
       484         20          0          4          0       1456   drv_rcin.o
       264         12          0          8          0      20365   drv_sys.o
       140          4          0          0          0        931   drv_timer.o
      3044        238          0         37       1830      10316   drv_uart.o
       936         82          0        182        100       3435   drv_ubloxgps.o
       228         30          0          4         48       2647   lx_fc_ext_sensor.o
      1024         14          0          1          0       3513   lx_fc_fun.o
       644         30          0          6         11       2051   lx_fc_state.o
        20          0          0          0          0     299633   main.o
       448         30         72          0          0       2301   misc.o
        36          8        392          0       2048        964   startup_stm32f4xx.o
      4060        104         81          0          0      13614   stm32f4xx_adc.o
      4968        316         81          0          0       9229   stm32f4xx_dma.o
       724         14         82          0          0       2975   stm32f4xx_exti.o
      2248         86         82          0          0       5677   stm32f4xx_gpio.o
       124          4          0          0          0       2334   stm32f4xx_it.o
      3324        218         81         16          0      13827   stm32f4xx_rcc.o
     12780        628         81          0          0      31472   stm32f4xx_tim.o
      3620        116         83          0          0      10344   stm32f4xx_usart.o
       528         46          0         20          0       2223   system_stm32f4xx.o
      1340        114          0         35          0     219593   user_task.o

    ----------------------------------------------------------------------
     50356       2650       2112        476       6300     693858   Object Totals
         0          0         32          0          0          0   (incl. Generated)
         0          0         17          5          4          0   (incl. Padding)

    ----------------------------------------------------------------------

      Code (inc. data)   RO Data    RW Data    ZI Data      Debug   Library Member Name

        86          0          0          0          0          0   __dczerorl2.o
         0          0          0          0          0          0   entry.o
         0          0          0          0          0          0   entry10a.o
         0          0          0          0          0          0   entry11a.o
         4          0          0          0          0          0   entry12b.o
         8          4          0          0          0          0   entry2.o
         4          0          0          0          0          0   entry5.o
         0          0          0          0          0          0   entry7b.o
         0          0          0          0          0          0   entry8b.o
         8          4          0          0          0          0   entry9a.o
        30          0          0          0          0          0   handlers.o
        36          8          0          0          0         68   init.o
         0          0          0          0          0          0   iusefp.o
        30          0          0          0          0         68   llshl.o
        36          0          0          0          0         68   llsshr.o
        32          0          0          0          0         68   llushr.o
        48          0          0          0          0         68   cdcmple.o
        48          0          0          0          0         68   cdrcmple.o
        56          0          0          0          0         88   d2f.o
       334          0          0          0          0        148   dadd.o
       186          0          0          0          0        176   depilogue.o
        34          0          0          0          0         76   dflti.o
       228          0          0          0          0         96   dmul.o
       110          0          0          0          0        168   fepilogue.o

    ----------------------------------------------------------------------
      1320         16          0          0          0       1160   Library Totals
         2          0          0          0          0          0   (incl. Padding)

    ----------------------------------------------------------------------

      Code (inc. data)   RO Data    RW Data    ZI Data      Debug   Library Name

       274         16          0          0          0        272   mc_w.l
      1044          0          0          0          0        888   mf_w.l

    ----------------------------------------------------------------------
      1320         16          0          0          0       1160   Library Totals

    ----------------------------------------------------------------------

==============================================================================


      Code (inc. data)   RO Data    RW Data    ZI Data      Debug   

     51676       2666       2112        476       6300     689782   Grand Totals
     51676       2666       2112        180       6300     689782   ELF Image Totals (compressed)
     51676       2666       2112        180          0          0   ROM Totals

==============================================================================

    Total RO  Size (Code + RO Data)                53788 (  52.53kB)
    Total RW  Size (RW Data + ZI Data)              6776 (   6.62kB)
    Total ROM Size (Code + RO Data + RW Data)      53968 (  52.70kB)

==============================================================================

