<html>
<body>
<pre>
<h1>µVision Build Log</h1>
<h2>Tool Versions:</h2>
IDE-Version: ¦ÌVision V5.36.0.0
Copyright (C) 2021 ARM Ltd and ARM Germany GmbH. All rights reserved.
License Information: df fd, sf, LIC=9WSKC-7LJ4C-VETHA-1KS6Q-VFY8Z-ZQIW1
 
Tool Versions:
Toolchain:       MDK-ARM Plus  Version: 5.36.0.0
Toolchain Path:  D:\techapps\Keil5\Core\ARM\ARMCC\Bin
C Compiler:      Armcc.exe V5.06 update 7 (build 960)
Assembler:       Armasm.exe V5.06 update 7 (build 960)
Linker/Locator:  ArmLink.exe V5.06 update 7 (build 960)
Library Manager: ArmAr.exe V5.06 update 7 (build 960)
Hex Converter:   FromElf.exe V5.06 update 7 (build 960)
CPU DLL:         SARMCM3.DLL V5.36.0.0
Dialog DLL:      DCM.DLL V1.17.3.0
Target DLL:      CMSIS_AGDI.dll V1.33.0.0
Dialog DLL:      TCM.DLL V1.53.0.0
 
<h2>Project:</h2>
C:\Users\35161\Desktop\Ð£ÄÚÊµÏ°\FcFly\ProjectSTM32F407\ANO_LX_STM32F407.uvprojx
Project File Date:  09/07/2026

<h2>Output:</h2>
*** Using Compiler 'V5.06 update 7 (build 960)', folder: 'D:\techapps\Keil5\Core\ARM\ARMCC\Bin'
Build target 'Ano_LX'
compiling User_Task.c...
..\FcSrc\User_Task.c(425): warning:  #223-D: function "hover" declared implicitly
          hover();
..\FcSrc\User_Task.c(860): warning:  #223-D: function "hover" declared implicitly
                      if(hover() == 1)
..\FcSrc\User_Task.c(929): warning:  #223-D: function "hover" declared implicitly
                          hover();
..\FcSrc\User_Task.c(1038): warning:  #223-D: function "hover" declared implicitly
                      hover();
..\FcSrc\User_Task.c: 4 warnings, 0 errors
linking...
Program Size: Code=51808 RO-data=2112 RW-data=476 ZI-data=6300  
FromELF: creating hex file...
After Build - User command #1: fromelf.exe --bin -o ./ANO-LX.bin ./build/Ano_LX.axf
".\build\ANO_LX.axf" - 0 Error(s), 4 Warning(s).

<h2>Software Packages used:</h2>

Package Vendor: Keil
                http://www.keil.com/pack/Keil.STM32F4xx_DFP.2.2.0.pack
                Keil.STM32F4xx_DFP.2.2.0
                STMicroelectronics STM32F4 Series Device Support, Drivers and Examples

<h2>Collection of Component include folders:</h2>
  D:\techapps\Keil5\Pack\Keil\STM32F4xx_DFP\2.2.0\Drivers\CMSIS\Device\ST\STM32F4xx\Include

<h2>Collection of Component Files used:</h2>
Build Time Elapsed:  00:00:01
</pre>
</body>
</html>
